192.168.1.22 - - [01/Jun/2024:00:01:22 +0000] "GET / HTTP/1.1" 200 4212 "-" "Mozilla/5.0 (Macintosh; Intel Mac OS X 10_15_7) AppleWebKit/605.1.15 Safari/605.1.15"
10.0.0.99 - - [01/Jun/2024:00:01:40 +0000] "GET /contact HTTP/1.1" 200 14817 "-" "curl/7.88.1"
198.51.100.23 - - [01/Jun/2024:00:01:52 +0000] "GET /blog/post-1 HTTP/1.1" 200 1735 "-" "Mozilla/5.0 (Macintosh; Intel Mac OS X 10_15_7) AppleWebKit/605.1.15 Safari/605.1.15"
198.51.100.7 - - [01/Jun/2024:00:02:22 +0000] "GET /register HTTP/1.1" 200 11931 "-" "python-requests/2.31.0"
198.51.100.7 - - [01/Jun/2024:00:03:52 +0000] "GET /blog/post-1 HTTP/1.1" 200 9854 "-" "Mozilla/5.0 (X11; Linux x86_64; rv:109.0) Gecko/20100101 Firefox/115.0"
192.168.1.77 - - [01/Jun/2024:00:05:36 +0000] "GET / HTTP/1.1" 301 2815 "-" "python-requests/2.31.0"
172.16.0.3 - - [01/Jun/2024:00:06:31 +0000] "GET /api/orders HTTP/1.1" 200 12709 "-" "Mozilla/5.0 (X11; Linux x86_64; rv:109.0) Gecko/20100101 Firefox/115.0"
192.168.1.22 - - [01/Jun/2024:00:06:45 +0000] "GET /blog HTTP/1.1" 200 14085 "-" "Mozilla/5.0 (X11; Linux x86_64; rv:109.0) Gecko/20100101 Firefox/115.0"
10.0.0.12 - - [01/Jun/2024:00:08:03 +0000] "GET /index.html HTTP/1.1" 200 8985 "-" "Mozilla/5.0 (Windows NT 10.0; Win64; x64) AppleWebKit/537.36 Chrome/120.0.0.0 Safari/537.36"
172.16.0.8 - - [01/Jun/2024:00:10:02 +0000] "GET /about HTTP/1.1" 200 13788 "-" "python-requests/2.31.0"
203.0.113.88 - - [01/Jun/2024:00:11:22 +0000] "GET /static/logo.png HTTP/1.1" 200 11743 "-" "Mozilla/5.0 (Windows NT 10.0; Win64; x64) AppleWebKit/537.36 Chrome/120.0.0.0 Safari/537.36"
203.0.113.42 - - [01/Jun/2024:00:11:28 +0000] "GET /api/products HTTP/1.1" 301 1507 "-" "Mozilla/5.0 (Macintosh; Intel Mac OS X 10_15_7) AppleWebKit/605.1.15 Safari/605.1.15"
192.168.1.22 - - [01/Jun/2024:00:13:19 +0000] "GET /blog HTTP/1.1" 200 10615 "-" "Mozilla/5.0 (X11; Linux x86_64; rv:109.0) Gecko/20100101 Firefox/115.0"
172.16.0.3 - - [01/Jun/2024:00:13:40 +0000] "GET /static/logo.png HTTP/1.1" 200 4574 "-" "python-requests/2.31.0"
203.0.113.42 - - [01/Jun/2024:00:15:40 +0000] "GET /about HTTP/1.1" 200 3003 "-" "curl/7.88.1"
10.0.0.5 - - [01/Jun/2024:00:17:14 +0000] "GET /dashboard HTTP/1.1" 200 4622 "-" "python-requests/2.31.0"
198.51.100.7 - - [01/Jun/2024:00:18:43 +0000] "GET /api/products HTTP/1.1" 200 14009 "-" "Mozilla/5.0 (Windows NT 10.0; Win64; x64) AppleWebKit/537.36 Chrome/120.0.0.0 Safari/537.36"
192.168.1.77 - - [01/Jun/2024:00:19:13 +0000] "GET /index.html HTTP/1.1" 304 6772 "-" "Mozilla/5.0 (X11; Linux x86_64; rv:109.0) Gecko/20100101 Firefox/115.0"
10.0.0.5 - - [01/Jun/2024:00:19:22 +0000] "GET /logout HTTP/1.1" 304 5355 "-" "Mozilla/5.0 (Macintosh; Intel Mac OS X 10_15_7) AppleWebKit/605.1.15 Safari/605.1.15"
203.0.113.15 - - [01/Jun/2024:00:20:46 +0000] "GET /blog HTTP/1.1" 304 10732 "-" "Mozilla/5.0 (iPhone; CPU iPhone OS 17_0 like Mac OS X) AppleWebKit/605.1.15 Mobile/15E148"
10.0.0.12 - - [01/Jun/2024:00:21:05 +0000] "GET /login HTTP/1.1" 200 9030 "-" "Mozilla/5.0 (X11; Linux x86_64; rv:109.0) Gecko/20100101 Firefox/115.0"
198.51.100.23 - - [01/Jun/2024:00:22:41 +0000] "GET /blog/post-1 HTTP/1.1" 304 6743 "-" "Mozilla/5.0 (X11; Linux x86_64; rv:109.0) Gecko/20100101 Firefox/115.0"
192.168.1.45 - - [01/Jun/2024:00:23:10 +0000] "GET /profile HTTP/1.1" 200 12582 "-" "Mozilla/5.0 (Windows NT 10.0; Win64; x64) AppleWebKit/537.36 Chrome/120.0.0.0 Safari/537.36"
192.168.1.22 - - [01/Jun/2024:00:25:01 +0000] "GET /login HTTP/1.1" 301 7116 "-" "curl/7.88.1"
172.16.0.8 - - [01/Jun/2024:00:25:10 +0000] "GET /blog HTTP/1.1" 200 7868 "-" "curl/7.88.1"
198.51.100.7 - - [01/Jun/2024:00:25:43 +0000] "GET / HTTP/1.1" 200 2076 "-" "python-requests/2.31.0"
198.51.100.7 - - [01/Jun/2024:00:27:37 +0000] "POST /api/orders HTTP/1.1" 200 7323 "-" "Mozilla/5.0 (Macintosh; Intel Mac OS X 10_15_7) AppleWebKit/605.1.15 Safari/605.1.15"
192.168.1.10 - - [01/Jun/2024:00:28:36 +0000] "GET /api/orders HTTP/1.1" 200 1943 "-" "python-requests/2.31.0"
192.168.1.77 - - [01/Jun/2024:00:29:15 +0000] "GET /profile HTTP/1.1" 200 2704 "-" "Mozilla/5.0 (X11; Linux x86_64; rv:109.0) Gecko/20100101 Firefox/115.0"
192.168.1.45 - - [01/Jun/2024:00:30:53 +0000] "GET /settings HTTP/1.1" 404 8889 "-" "Mozilla/5.0 (Windows NT 10.0; Win64; x64) AppleWebKit/537.36 Chrome/120.0.0.0 Safari/537.36"
172.16.0.3 - - [01/Jun/2024:00:32:10 +0000] "GET /search HTTP/1.1" 200 6147 "-" "Mozilla/5.0 (X11; Linux x86_64; rv:109.0) Gecko/20100101 Firefox/115.0"
192.168.1.10 - - [01/Jun/2024:00:32:41 +0000] "GET /api/products HTTP/1.1" 304 1490 "-" "Mozilla/5.0 (Windows NT 10.0; Win64; x64) AppleWebKit/537.36 Chrome/120.0.0.0 Safari/537.36"
203.0.113.15 - - [01/Jun/2024:00:34:15 +0000] "GET /about HTTP/1.1" 404 8927 "-" "Mozilla/5.0 (Macintosh; Intel Mac OS X 10_15_7) AppleWebKit/605.1.15 Safari/605.1.15"
203.0.113.42 - - [01/Jun/2024:00:34:32 +0000] "GET /search HTTP/1.1" 304 2905 "-" "Mozilla/5.0 (X11; Linux x86_64; rv:109.0) Gecko/20100101 Firefox/115.0"
192.168.1.77 - - [01/Jun/2024:00:35:40 +0000] "POST /register HTTP/1.1" 404 9035 "-" "python-requests/2.31.0"
10.0.0.5 - - [01/Jun/2024:00:37:09 +0000] "GET /static/main.css HTTP/1.1" 200 11204 "-" "python-requests/2.31.0"
203.0.113.15 - - [01/Jun/2024:00:37:57 +0000] "GET /profile HTTP/1.1" 200 4261 "-" "Mozilla/5.0 (Macintosh; Intel Mac OS X 10_15_7) AppleWebKit/605.1.15 Safari/605.1.15"
172.16.0.3 - - [01/Jun/2024:00:38:06 +0000] "GET / HTTP/1.1" 200 3970 "-" "curl/7.88.1"
192.168.1.10 - - [01/Jun/2024:00:38:35 +0000] "GET /about HTTP/1.1" 200 1164 "-" "Mozilla/5.0 (Macintosh; Intel Mac OS X 10_15_7) AppleWebKit/605.1.15 Safari/605.1.15"
203.0.113.88 - - [01/Jun/2024:00:38:44 +0000] "GET /index.html HTTP/1.1" 304 1360 "-" "curl/7.88.1"
10.0.0.12 - - [01/Jun/2024:00:39:15 +0000] "GET /search HTTP/1.1" 200 2367 "-" "python-requests/2.31.0"
203.0.113.88 - - [01/Jun/2024:00:41:15 +0000] "GET /logout HTTP/1.1" 200 4181 "-" "Mozilla/5.0 (iPhone; CPU iPhone OS 17_0 like Mac OS X) AppleWebKit/605.1.15 Mobile/15E148"
172.16.0.8 - - [01/Jun/2024:00:42:59 +0000] "GET /api/users HTTP/1.1" 200 10996 "-" "Mozilla/5.0 (iPhone; CPU iPhone OS 17_0 like Mac OS X) AppleWebKit/605.1.15 Mobile/15E148"
172.16.0.8 - - [01/Jun/2024:00:43:45 +0000] "GET /blog/post-1 HTTP/1.1" 200 12145 "-" "Mozilla/5.0 (Windows NT 10.0; Win64; x64) AppleWebKit/537.36 Chrome/120.0.0.0 Safari/537.36"
203.0.113.42 - - [01/Jun/2024:00:45:12 +0000] "GET /contact HTTP/1.1" 200 12131 "-" "Mozilla/5.0 (X11; Linux x86_64; rv:109.0) Gecko/20100101 Firefox/115.0"
192.168.1.77 - - [01/Jun/2024:00:46:55 +0000] "GET /contact HTTP/1.1" 200 3316 "-" "curl/7.88.1"
192.168.1.45 - - [01/Jun/2024:00:47:53 +0000] "GET /blog/post-1 HTTP/1.1" 200 7779 "-" "Mozilla/5.0 (Macintosh; Intel Mac OS X 10_15_7) AppleWebKit/605.1.15 Safari/605.1.15"
203.0.113.88 - - [01/Jun/2024:00:49:45 +0000] "GET /about HTTP/1.1" 200 14312 "-" "curl/7.88.1"
192.168.1.10 - - [01/Jun/2024:00:49:58 +0000] "GET /settings HTTP/1.1" 304 1728 "-" "Mozilla/5.0 (Macintosh; Intel Mac OS X 10_15_7) AppleWebKit/605.1.15 Safari/605.1.15"
172.16.0.8 - - [01/Jun/2024:00:50:20 +0000] "GET /search HTTP/1.1" 200 14366 "-" "Mozilla/5.0 (iPhone; CPU iPhone OS 17_0 like Mac OS X) AppleWebKit/605.1.15 Mobile/15E148"
192.168.1.10 - - [01/Jun/2024:00:52:16 +0000] "GET /dashboard HTTP/1.1" 200 6596 "-" "Mozilla/5.0 (X11; Linux x86_64; rv:109.0) Gecko/20100101 Firefox/115.0"
172.16.0.55 - - [01/Jun/2024:00:54:15 +0000] "GET /blog/post-2 HTTP/1.1" 200 11612 "-" "python-requests/2.31.0"
198.51.100.7 - - [01/Jun/2024:00:55:56 +0000] "GET /search HTTP/1.1" 200 5061 "-" "Mozilla/5.0 (Macintosh; Intel Mac OS X 10_15_7) AppleWebKit/605.1.15 Safari/605.1.15"
198.51.100.23 - - [01/Jun/2024:00:56:04 +0000] "GET /settings HTTP/1.1" 200 5338 "-" "Mozilla/5.0 (Windows NT 10.0; Win64; x64) AppleWebKit/537.36 Chrome/120.0.0.0 Safari/537.36"
198.51.100.23 - - [01/Jun/2024:00:56:11 +0000] "GET /search HTTP/1.1" 200 14170 "-" "curl/7.88.1"
192.168.1.10 - - [01/Jun/2024:00:56:32 +0000] "GET /profile HTTP/1.1" 200 3244 "-" "Mozilla/5.0 (Windows NT 10.0; Win64; x64) AppleWebKit/537.36 Chrome/120.0.0.0 Safari/537.36"
192.168.1.22 - - [01/Jun/2024:00:57:49 +0000] "GET /api/products HTTP/1.1" 200 14786 "-" "curl/7.88.1"
198.51.100.23 - - [01/Jun/2024:00:58:21 +0000] "GET /register HTTP/1.1" 200 7068 "-" "python-requests/2.31.0"
198.51.100.23 - - [01/Jun/2024:00:59:36 +0000] "GET /profile HTTP/1.1" 200 4472 "-" "Mozilla/5.0 (Macintosh; Intel Mac OS X 10_15_7) AppleWebKit/605.1.15 Safari/605.1.15"
10.0.0.99 - - [01/Jun/2024:01:01:02 +0000] "GET /static/app.js HTTP/1.1" 200 6684 "-" "Mozilla/5.0 (Macintosh; Intel Mac OS X 10_15_7) AppleWebKit/605.1.15 Safari/605.1.15"
203.0.113.42 - - [01/Jun/2024:01:02:28 +0000] "GET /static/main.css HTTP/1.1" 200 12518 "-" "Mozilla/5.0 (Windows NT 10.0; Win64; x64) AppleWebKit/537.36 Chrome/120.0.0.0 Safari/537.36"
203.0.113.15 - - [01/Jun/2024:01:02:30 +0000] "GET /register HTTP/1.1" 200 3692 "-" "curl/7.88.1"
192.168.1.45 - - [01/Jun/2024:01:03:04 +0000] "GET /static/logo.png HTTP/1.1" 304 14605 "-" "Mozilla/5.0 (Macintosh; Intel Mac OS X 10_15_7) AppleWebKit/605.1.15 Safari/605.1.15"
10.0.0.12 - - [01/Jun/2024:01:03:52 +0000] "GET /dashboard HTTP/1.1" 200 9100 "-" "python-requests/2.31.0"
198.51.100.23 - - [01/Jun/2024:01:04:31 +0000] "GET /profile HTTP/1.1" 200 13587 "-" "curl/7.88.1"
203.0.113.88 - - [01/Jun/2024:01:05:10 +0000] "GET /contact HTTP/1.1" 304 2400 "-" "Mozilla/5.0 (X11; Linux x86_64; rv:109.0) Gecko/20100101 Firefox/115.0"
203.0.113.88 - - [01/Jun/2024:01:05:25 +0000] "GET /contact HTTP/1.1" 200 2746 "-" "Mozilla/5.0 (X11; Linux x86_64; rv:109.0) Gecko/20100101 Firefox/115.0"
198.51.100.23 - - [01/Jun/2024:01:06:02 +0000] "GET /api/users HTTP/1.1" 200 3535 "-" "python-requests/2.31.0"
192.168.1.77 - - [01/Jun/2024:01:07:24 +0000] "POST /api/orders HTTP/1.1" 200 14062 "-" "Mozilla/5.0 (Windows NT 10.0; Win64; x64) AppleWebKit/537.36 Chrome/120.0.0.0 Safari/537.36"
203.0.113.42 - - [01/Jun/2024:01:07:36 +0000] "GET /blog/post-1 HTTP/1.1" 304 922 "-" "Mozilla/5.0 (Windows NT 10.0; Win64; x64) AppleWebKit/537.36 Chrome/120.0.0.0 Safari/537.36"
172.16.0.55 - - [01/Jun/2024:01:08:19 +0000] "POST /login HTTP/1.1" 200 7439 "-" "curl/7.88.1"
172.16.0.8 - - [01/Jun/2024:01:09:50 +0000] "GET /settings HTTP/1.1" 200 1432 "-" "python-requests/2.31.0"
192.168.1.45 - - [01/Jun/2024:01:11:46 +0000] "GET /settings HTTP/1.1" 200 6249 "-" "curl/7.88.1"
192.168.1.45 - - [01/Jun/2024:01:12:57 +0000] "GET /blog/post-1 HTTP/1.1" 200 5250 "-" "Mozilla/5.0 (X11; Linux x86_64; rv:109.0) Gecko/20100101 Firefox/115.0"
203.0.113.88 - - [01/Jun/2024:01:14:53 +0000] "GET /index.html HTTP/1.1" 304 3641 "-" "python-requests/2.31.0"
203.0.113.42 - - [01/Jun/2024:01:15:25 +0000] "GET /contact HTTP/1.1" 200 9373 "-" "Mozilla/5.0 (iPhone; CPU iPhone OS 17_0 like Mac OS X) AppleWebKit/605.1.15 Mobile/15E148"
10.0.0.99 - - [01/Jun/2024:01:16:45 +0000] "GET /login HTTP/1.1" 304 13305 "-" "Mozilla/5.0 (Macintosh; Intel Mac OS X 10_15_7) AppleWebKit/605.1.15 Safari/605.1.15"
172.16.0.8 - - [01/Jun/2024:01:18:38 +0000] "GET / HTTP/1.1" 200 5642 "-" "Mozilla/5.0 (iPhone; CPU iPhone OS 17_0 like Mac OS X) AppleWebKit/605.1.15 Mobile/15E148"
203.0.113.42 - - [01/Jun/2024:01:20:21 +0000] "GET /api/products HTTP/1.1" 200 13100 "-" "python-requests/2.31.0"
172.16.0.8 - - [01/Jun/2024:01:20:35 +0000] "GET /index.html HTTP/1.1" 304 3844 "-" "Mozilla/5.0 (Macintosh; Intel Mac OS X 10_15_7) AppleWebKit/605.1.15 Safari/605.1.15"
203.0.113.88 - - [01/Jun/2024:01:22:20 +0000] "GET /blog/post-2 HTTP/1.1" 200 13643 "-" "Mozilla/5.0 (Macintosh; Intel Mac OS X 10_15_7) AppleWebKit/605.1.15 Safari/605.1.15"
192.168.1.10 - - [01/Jun/2024:01:22:49 +0000] "GET /api/users HTTP/1.1" 200 4764 "-" "Mozilla/5.0 (Windows NT 10.0; Win64; x64) AppleWebKit/537.36 Chrome/120.0.0.0 Safari/537.36"
10.0.0.12 - - [01/Jun/2024:01:24:28 +0000] "GET /static/logo.png HTTP/1.1" 200 6748 "-" "python-requests/2.31.0"
198.51.100.7 - - [01/Jun/2024:01:26:16 +0000] "GET /static/app.js HTTP/1.1" 304 2089 "-" "Mozilla/5.0 (X11; Linux x86_64; rv:109.0) Gecko/20100101 Firefox/115.0"
198.51.100.23 - - [01/Jun/2024:01:26:39 +0000] "GET /api/orders HTTP/1.1" 200 7319 "-" "Mozilla/5.0 (X11; Linux x86_64; rv:109.0) Gecko/20100101 Firefox/115.0"
172.16.0.55 - - [01/Jun/2024:01:28:13 +0000] "GET /static/app.js HTTP/1.1" 200 8579 "-" "Mozilla/5.0 (Windows NT 10.0; Win64; x64) AppleWebKit/537.36 Chrome/120.0.0.0 Safari/537.36"
203.0.113.88 - - [01/Jun/2024:01:29:03 +0000] "GET /logout HTTP/1.1" 200 927 "-" "python-requests/2.31.0"
192.168.1.10 - - [01/Jun/2024:01:29:59 +0000] "GET /profile HTTP/1.1" 304 9021 "-" "python-requests/2.31.0"
10.0.0.99 - - [01/Jun/2024:01:31:32 +0000] "GET /api/users HTTP/1.1" 200 1346 "-" "python-requests/2.31.0"
172.16.0.3 - - [01/Jun/2024:01:33:30 +0000] "POST /register HTTP/1.1" 200 2241 "-" "python-requests/2.31.0"
10.0.0.12 - - [01/Jun/2024:01:35:26 +0000] "GET /profile HTTP/1.1" 200 6891 "-" "Mozilla/5.0 (X11; Linux x86_64; rv:109.0) Gecko/20100101 Firefox/115.0"
10.0.0.99 - - [01/Jun/2024:01:36:18 +0000] "GET /static/main.css HTTP/1.1" 200 3343 "-" "Mozilla/5.0 (iPhone; CPU iPhone OS 17_0 like Mac OS X) AppleWebKit/605.1.15 Mobile/15E148"
172.16.0.8 - - [01/Jun/2024:01:37:44 +0000] "GET /dashboard HTTP/1.1" 200 5130 "-" "Mozilla/5.0 (iPhone; CPU iPhone OS 17_0 like Mac OS X) AppleWebKit/605.1.15 Mobile/15E148"
192.168.1.77 - - [01/Jun/2024:01:38:55 +0000] "GET / HTTP/1.1" 200 3643 "-" "Mozilla/5.0 (iPhone; CPU iPhone OS 17_0 like Mac OS X) AppleWebKit/605.1.15 Mobile/15E148"
198.51.100.23 - - [01/Jun/2024:01:40:36 +0000] "POST /register HTTP/1.1" 200 7444 "-" "python-requests/2.31.0"
198.51.100.7 - - [01/Jun/2024:01:41:04 +0000] "GET /search HTTP/1.1" 301 13242 "-" "python-requests/2.31.0"
203.0.113.42 - - [01/Jun/2024:01:41:26 +0000] "GET /about HTTP/1.1" 200 11076 "-" "python-requests/2.31.0"
172.16.0.3 - - [01/Jun/2024:01:42:46 +0000] "GET /about HTTP/1.1" 304 12506 "-" "Mozilla/5.0 (Macintosh; Intel Mac OS X 10_15_7) AppleWebKit/605.1.15 Safari/605.1.15"
10.0.0.12 - - [01/Jun/2024:01:44:13 +0000] "GET /api/products HTTP/1.1" 304 2614 "-" "Mozilla/5.0 (Windows NT 10.0; Win64; x64) AppleWebKit/537.36 Chrome/120.0.0.0 Safari/537.36"
10.0.0.5 - - [01/Jun/2024:01:44:19 +0000] "GET /search HTTP/1.1" 200 12790 "-" "Mozilla/5.0 (Windows NT 10.0; Win64; x64) AppleWebKit/537.36 Chrome/120.0.0.0 Safari/537.36"
172.16.0.8 - - [01/Jun/2024:01:45:18 +0000] "GET /logout HTTP/1.1" 200 11609 "-" "Mozilla/5.0 (iPhone; CPU iPhone OS 17_0 like Mac OS X) AppleWebKit/605.1.15 Mobile/15E148"
172.16.0.8 - - [01/Jun/2024:01:46:22 +0000] "GET /api/products HTTP/1.1" 200 11466 "-" "Mozilla/5.0 (Windows NT 10.0; Win64; x64) AppleWebKit/537.36 Chrome/120.0.0.0 Safari/537.36"
172.16.0.55 - - [01/Jun/2024:01:48:17 +0000] "GET /contact HTTP/1.1" 301 3785 "-" "Mozilla/5.0 (Macintosh; Intel Mac OS X 10_15_7) AppleWebKit/605.1.15 Safari/605.1.15"
10.0.0.99 - - [01/Jun/2024:01:50:00 +0000] "GET /profile HTTP/1.1" 200 9332 "-" "Mozilla/5.0 (Macintosh; Intel Mac OS X 10_15_7) AppleWebKit/605.1.15 Safari/605.1.15"
192.168.1.77 - - [01/Jun/2024:01:51:58 +0000] "GET /contact HTTP/1.1" 200 13330 "-" "Mozilla/5.0 (iPhone; CPU iPhone OS 17_0 like Mac OS X) AppleWebKit/605.1.15 Mobile/15E148"
198.51.100.7 - - [01/Jun/2024:01:53:24 +0000] "GET /settings HTTP/1.1" 200 12574 "-" "Mozilla/5.0 (iPhone; CPU iPhone OS 17_0 like Mac OS X) AppleWebKit/605.1.15 Mobile/15E148"
192.168.1.77 - - [01/Jun/2024:01:54:43 +0000] "GET /profile HTTP/1.1" 200 9176 "-" "Mozilla/5.0 (iPhone; CPU iPhone OS 17_0 like Mac OS X) AppleWebKit/605.1.15 Mobile/15E148"
192.168.1.45 - - [01/Jun/2024:01:56:38 +0000] "GET /search HTTP/1.1" 200 12517 "-" "Mozilla/5.0 (Macintosh; Intel Mac OS X 10_15_7) AppleWebKit/605.1.15 Safari/605.1.15"
203.0.113.42 - - [01/Jun/2024:01:58:26 +0000] "POST /api/orders HTTP/1.1" 200 4699 "-" "Mozilla/5.0 (iPhone; CPU iPhone OS 17_0 like Mac OS X) AppleWebKit/605.1.15 Mobile/15E148"
10.0.0.99 - - [01/Jun/2024:01:58:36 +0000] "GET /static/main.css HTTP/1.1" 200 5702 "-" "Mozilla/5.0 (X11; Linux x86_64; rv:109.0) Gecko/20100101 Firefox/115.0"
198.51.100.7 - - [01/Jun/2024:02:00:31 +0000] "GET /about HTTP/1.1" 200 3988 "-" "Mozilla/5.0 (iPhone; CPU iPhone OS 17_0 like Mac OS X) AppleWebKit/605.1.15 Mobile/15E148"
192.168.1.45 - - [01/Jun/2024:02:02:00 +0000] "GET /api/users HTTP/1.1" 200 6878 "-" "Mozilla/5.0 (X11; Linux x86_64; rv:109.0) Gecko/20100101 Firefox/115.0"
203.0.113.15 - - [01/Jun/2024:02:03:10 +0000] "GET /blog/post-1 HTTP/1.1" 200 13846 "-" "Mozilla/5.0 (iPhone; CPU iPhone OS 17_0 like Mac OS X) AppleWebKit/605.1.15 Mobile/15E148"
203.0.113.88 - - [01/Jun/2024:02:04:00 +0000] "GET /logout HTTP/1.1" 304 520 "-" "curl/7.88.1"
203.0.113.15 - - [01/Jun/2024:02:04:49 +0000] "GET / HTTP/1.1" 304 5092 "-" "Mozilla/5.0 (iPhone; CPU iPhone OS 17_0 like Mac OS X) AppleWebKit/605.1.15 Mobile/15E148"
203.0.113.88 - - [01/Jun/2024:02:06:39 +0000] "GET /blog/post-1 HTTP/1.1" 200 12236 "-" "curl/7.88.1"
198.51.100.23 - - [01/Jun/2024:02:08:22 +0000] "GET /api/products HTTP/1.1" 200 4671 "-" "Mozilla/5.0 (iPhone; CPU iPhone OS 17_0 like Mac OS X) AppleWebKit/605.1.15 Mobile/15E148"
192.168.1.10 - - [01/Jun/2024:02:09:25 +0000] "GET /blog HTTP/1.1" 200 11327 "-" "Mozilla/5.0 (iPhone; CPU iPhone OS 17_0 like Mac OS X) AppleWebKit/605.1.15 Mobile/15E148"
192.168.1.45 - - [01/Jun/2024:02:10:58 +0000] "GET /blog/post-2 HTTP/1.1" 304 10395 "-" "curl/7.88.1"
203.0.113.88 - - [01/Jun/2024:02:11:02 +0000] "GET /blog HTTP/1.1" 200 11062 "-" "Mozilla/5.0 (Windows NT 10.0; Win64; x64) AppleWebKit/537.36 Chrome/120.0.0.0 Safari/537.36"
203.0.113.42 - - [01/Jun/2024:02:11:13 +0000] "GET /blog/post-1 HTTP/1.1" 200 7764 "-" "Mozilla/5.0 (Macintosh; Intel Mac OS X 10_15_7) AppleWebKit/605.1.15 Safari/605.1.15"
10.0.0.12 - - [01/Jun/2024:02:11:20 +0000] "GET /blog HTTP/1.1" 200 7649 "-" "Mozilla/5.0 (X11; Linux x86_64; rv:109.0) Gecko/20100101 Firefox/115.0"
172.16.0.55 - - [01/Jun/2024:02:12:04 +0000] "GET /blog HTTP/1.1" 200 13830 "-" "Mozilla/5.0 (iPhone; CPU iPhone OS 17_0 like Mac OS X) AppleWebKit/605.1.15 Mobile/15E148"
192.168.1.77 - - [01/Jun/2024:02:12:37 +0000] "GET /about HTTP/1.1" 200 12472 "-" "curl/7.88.1"
172.16.0.3 - - [01/Jun/2024:02:12:44 +0000] "GET /api/products HTTP/1.1" 200 12999 "-" "python-requests/2.31.0"
172.16.0.55 - - [01/Jun/2024:02:12:50 +0000] "GET / HTTP/1.1" 304 3466 "-" "Mozilla/5.0 (Windows NT 10.0; Win64; x64) AppleWebKit/537.36 Chrome/120.0.0.0 Safari/537.36"
45.33.32.156 - - [01/Jun/2024:02:13:50 +0000] "GET /login HTTP/1.1" 200 3200 "-" "Mozilla/5.0 (Windows NT 10.0; Win64; x64) AppleWebKit/537.36 Chrome/120.0.0.0 Safari/537.36"
45.33.32.156 - - [01/Jun/2024:02:14:03 +0000] "POST /login HTTP/1.1" 401 256 "-" "Mozilla/5.0 (Windows NT 10.0; Win64; x64) AppleWebKit/537.36 Chrome/120.0.0.0 Safari/537.36"
45.33.32.156 - - [01/Jun/2024:02:14:05 +0000] "POST /login HTTP/1.1" 401 189 "-" "Mozilla/5.0 (Windows NT 10.0; Win64; x64) AppleWebKit/537.36 Chrome/120.0.0.0 Safari/537.36"
45.33.32.156 - - [01/Jun/2024:02:14:06 +0000] "POST /login HTTP/1.1" 401 234 "-" "Mozilla/5.0 (Windows NT 10.0; Win64; x64) AppleWebKit/537.36 Chrome/120.0.0.0 Safari/537.36"
45.33.32.156 - - [01/Jun/2024:02:14:07 +0000] "POST /login HTTP/1.1" 401 247 "-" "Mozilla/5.0 (Windows NT 10.0; Win64; x64) AppleWebKit/537.36 Chrome/120.0.0.0 Safari/537.36"
192.168.1.45 - - [01/Jun/2024:02:14:10 +0000] "GET /api/products HTTP/1.1" 200 11168 "-" "Mozilla/5.0 (Windows NT 10.0; Win64; x64) AppleWebKit/537.36 Chrome/120.0.0.0 Safari/537.36"
45.33.32.156 - - [01/Jun/2024:02:14:10 +0000] "POST /login HTTP/1.1" 401 363 "-" "Mozilla/5.0 (Windows NT 10.0; Win64; x64) AppleWebKit/537.36 Chrome/120.0.0.0 Safari/537.36"
45.33.32.156 - - [01/Jun/2024:02:14:11 +0000] "POST /login HTTP/1.1" 401 277 "-" "Mozilla/5.0 (Windows NT 10.0; Win64; x64) AppleWebKit/537.36 Chrome/120.0.0.0 Safari/537.36"
45.33.32.156 - - [01/Jun/2024:02:14:14 +0000] "POST /login HTTP/1.1" 401 317 "-" "Mozilla/5.0 (Windows NT 10.0; Win64; x64) AppleWebKit/537.36 Chrome/120.0.0.0 Safari/537.36"
45.33.32.156 - - [01/Jun/2024:02:14:17 +0000] "POST /login HTTP/1.1" 401 236 "-" "Mozilla/5.0 (Windows NT 10.0; Win64; x64) AppleWebKit/537.36 Chrome/120.0.0.0 Safari/537.36"
45.33.32.156 - - [01/Jun/2024:02:14:19 +0000] "POST /login HTTP/1.1" 401 345 "-" "Mozilla/5.0 (Windows NT 10.0; Win64; x64) AppleWebKit/537.36 Chrome/120.0.0.0 Safari/537.36"
45.33.32.156 - - [01/Jun/2024:02:14:21 +0000] "POST /login HTTP/1.1" 401 397 "-" "Mozilla/5.0 (Windows NT 10.0; Win64; x64) AppleWebKit/537.36 Chrome/120.0.0.0 Safari/537.36"
45.33.32.156 - - [01/Jun/2024:02:14:24 +0000] "POST /login HTTP/1.1" 401 314 "-" "Mozilla/5.0 (Windows NT 10.0; Win64; x64) AppleWebKit/537.36 Chrome/120.0.0.0 Safari/537.36"
45.33.32.156 - - [01/Jun/2024:02:14:27 +0000] "POST /login HTTP/1.1" 401 275 "-" "Mozilla/5.0 (Windows NT 10.0; Win64; x64) AppleWebKit/537.36 Chrome/120.0.0.0 Safari/537.36"
45.33.32.156 - - [01/Jun/2024:02:14:29 +0000] "POST /login HTTP/1.1" 401 193 "-" "Mozilla/5.0 (Windows NT 10.0; Win64; x64) AppleWebKit/537.36 Chrome/120.0.0.0 Safari/537.36"
45.33.32.156 - - [01/Jun/2024:02:14:32 +0000] "POST /login HTTP/1.1" 401 353 "-" "Mozilla/5.0 (Windows NT 10.0; Win64; x64) AppleWebKit/537.36 Chrome/120.0.0.0 Safari/537.36"
45.33.32.156 - - [01/Jun/2024:02:14:34 +0000] "POST /login HTTP/1.1" 401 193 "-" "Mozilla/5.0 (Windows NT 10.0; Win64; x64) AppleWebKit/537.36 Chrome/120.0.0.0 Safari/537.36"
45.33.32.156 - - [01/Jun/2024:02:14:35 +0000] "POST /login HTTP/1.1" 401 334 "-" "Mozilla/5.0 (Windows NT 10.0; Win64; x64) AppleWebKit/537.36 Chrome/120.0.0.0 Safari/537.36"
45.33.32.156 - - [01/Jun/2024:02:14:38 +0000] "POST /login HTTP/1.1" 401 275 "-" "Mozilla/5.0 (Windows NT 10.0; Win64; x64) AppleWebKit/537.36 Chrome/120.0.0.0 Safari/537.36"
45.33.32.156 - - [01/Jun/2024:02:14:39 +0000] "POST /login HTTP/1.1" 401 384 "-" "Mozilla/5.0 (Windows NT 10.0; Win64; x64) AppleWebKit/537.36 Chrome/120.0.0.0 Safari/537.36"
45.33.32.156 - - [01/Jun/2024:02:14:42 +0000] "POST /login HTTP/1.1" 401 314 "-" "Mozilla/5.0 (Windows NT 10.0; Win64; x64) AppleWebKit/537.36 Chrome/120.0.0.0 Safari/537.36"
45.33.32.156 - - [01/Jun/2024:02:14:43 +0000] "POST /login HTTP/1.1" 401 284 "-" "Mozilla/5.0 (Windows NT 10.0; Win64; x64) AppleWebKit/537.36 Chrome/120.0.0.0 Safari/537.36"
45.33.32.156 - - [01/Jun/2024:02:14:58 +0000] "GET /dashboard HTTP/1.1" 403 512 "-" "Mozilla/5.0 (Windows NT 10.0; Win64; x64) AppleWebKit/537.36 Chrome/120.0.0.0 Safari/537.36"
10.0.0.5 - - [01/Jun/2024:02:15:23 +0000] "GET /blog/post-2 HTTP/1.1" 200 12764 "-" "Mozilla/5.0 (X11; Linux x86_64; rv:109.0) Gecko/20100101 Firefox/115.0"
198.51.100.23 - - [01/Jun/2024:02:15:45 +0000] "GET /register HTTP/1.1" 301 2883 "-" "Mozilla/5.0 (X11; Linux x86_64; rv:109.0) Gecko/20100101 Firefox/115.0"
198.51.100.23 - - [01/Jun/2024:02:15:59 +0000] "GET / HTTP/1.1" 304 9633 "-" "python-requests/2.31.0"
172.16.0.8 - - [01/Jun/2024:02:17:56 +0000] "GET /blog HTTP/1.1" 304 3449 "-" "Mozilla/5.0 (Windows NT 10.0; Win64; x64) AppleWebKit/537.36 Chrome/120.0.0.0 Safari/537.36"
10.0.0.99 - - [01/Jun/2024:02:19:12 +0000] "GET /api/products HTTP/1.1" 200 12856 "-" "Mozilla/5.0 (X11; Linux x86_64; rv:109.0) Gecko/20100101 Firefox/115.0"
203.0.113.42 - - [01/Jun/2024:02:21:01 +0000] "GET /register HTTP/1.1" 301 9472 "-" "Mozilla/5.0 (Windows NT 10.0; Win64; x64) AppleWebKit/537.36 Chrome/120.0.0.0 Safari/537.36"
198.51.100.7 - - [01/Jun/2024:02:21:46 +0000] "GET /blog/post-1 HTTP/1.1" 200 1329 "-" "curl/7.88.1"
172.16.0.3 - - [01/Jun/2024:02:23:09 +0000] "GET / HTTP/1.1" 304 13673 "-" "Mozilla/5.0 (iPhone; CPU iPhone OS 17_0 like Mac OS X) AppleWebKit/605.1.15 Mobile/15E148"
172.16.0.8 - - [01/Jun/2024:02:23:23 +0000] "GET /static/logo.png HTTP/1.1" 200 13777 "-" "Mozilla/5.0 (iPhone; CPU iPhone OS 17_0 like Mac OS X) AppleWebKit/605.1.15 Mobile/15E148"
192.168.1.45 - - [01/Jun/2024:02:24:54 +0000] "GET /blog/post-1 HTTP/1.1" 200 8748 "-" "python-requests/2.31.0"
198.51.100.23 - - [01/Jun/2024:02:25:29 +0000] "GET /settings HTTP/1.1" 301 7816 "-" "Mozilla/5.0 (iPhone; CPU iPhone OS 17_0 like Mac OS X) AppleWebKit/605.1.15 Mobile/15E148"
10.0.0.99 - - [01/Jun/2024:02:27:15 +0000] "GET /logout HTTP/1.1" 200 14154 "-" "Mozilla/5.0 (Macintosh; Intel Mac OS X 10_15_7) AppleWebKit/605.1.15 Safari/605.1.15"
203.0.113.88 - - [01/Jun/2024:02:29:02 +0000] "GET /about HTTP/1.1" 200 7585 "-" "Mozilla/5.0 (Macintosh; Intel Mac OS X 10_15_7) AppleWebKit/605.1.15 Safari/605.1.15"
203.0.113.15 - - [01/Jun/2024:02:30:39 +0000] "GET /logout HTTP/1.1" 200 6409 "-" "Mozilla/5.0 (X11; Linux x86_64; rv:109.0) Gecko/20100101 Firefox/115.0"
203.0.113.15 - - [01/Jun/2024:02:30:43 +0000] "GET /static/app.js HTTP/1.1" 200 3675 "-" "Mozilla/5.0 (X11; Linux x86_64; rv:109.0) Gecko/20100101 Firefox/115.0"
10.0.0.12 - - [01/Jun/2024:02:32:26 +0000] "GET /static/app.js HTTP/1.1" 200 9967 "-" "python-requests/2.31.0"
10.0.0.12 - - [01/Jun/2024:02:34:19 +0000] "GET /settings HTTP/1.1" 200 3330 "-" "Mozilla/5.0 (Windows NT 10.0; Win64; x64) AppleWebKit/537.36 Chrome/120.0.0.0 Safari/537.36"
10.0.0.99 - - [01/Jun/2024:02:34:50 +0000] "GET /blog/post-1 HTTP/1.1" 200 12621 "-" "Mozilla/5.0 (Macintosh; Intel Mac OS X 10_15_7) AppleWebKit/605.1.15 Safari/605.1.15"
203.0.113.15 - - [01/Jun/2024:02:36:19 +0000] "GET /search HTTP/1.1" 200 482 "-" "Mozilla/5.0 (Windows NT 10.0; Win64; x64) AppleWebKit/537.36 Chrome/120.0.0.0 Safari/537.36"
10.0.0.5 - - [01/Jun/2024:02:36:57 +0000] "GET /blog HTTP/1.1" 200 5216 "-" "python-requests/2.31.0"
172.16.0.3 - - [01/Jun/2024:02:38:12 +0000] "GET /search HTTP/1.1" 200 5832 "-" "Mozilla/5.0 (iPhone; CPU iPhone OS 17_0 like Mac OS X) AppleWebKit/605.1.15 Mobile/15E148"
198.51.100.7 - - [01/Jun/2024:02:39:48 +0000] "GET /static/app.js HTTP/1.1" 200 7634 "-" "Mozilla/5.0 (X11; Linux x86_64; rv:109.0) Gecko/20100101 Firefox/115.0"
10.0.0.12 - - [01/Jun/2024:02:40:28 +0000] "GET /api/products HTTP/1.1" 200 3355 "-" "Mozilla/5.0 (X11; Linux x86_64; rv:109.0) Gecko/20100101 Firefox/115.0"
10.0.0.99 - - [01/Jun/2024:02:40:44 +0000] "GET /settings HTTP/1.1" 404 11507 "-" "Mozilla/5.0 (Macintosh; Intel Mac OS X 10_15_7) AppleWebKit/605.1.15 Safari/605.1.15"
10.0.0.5 - - [01/Jun/2024:02:41:09 +0000] "GET /search HTTP/1.1" 200 9859 "-" "curl/7.88.1"
10.0.0.12 - - [01/Jun/2024:02:42:26 +0000] "GET /contact HTTP/1.1" 304 5053 "-" "Mozilla/5.0 (Macintosh; Intel Mac OS X 10_15_7) AppleWebKit/605.1.15 Safari/605.1.15"
192.168.1.45 - - [01/Jun/2024:02:43:13 +0000] "GET /static/main.css HTTP/1.1" 200 8951 "-" "Mozilla/5.0 (Macintosh; Intel Mac OS X 10_15_7) AppleWebKit/605.1.15 Safari/605.1.15"
192.168.1.10 - - [01/Jun/2024:02:43:49 +0000] "GET /index.html HTTP/1.1" 200 11626 "-" "Mozilla/5.0 (Macintosh; Intel Mac OS X 10_15_7) AppleWebKit/605.1.15 Safari/605.1.15"
192.168.1.77 - - [01/Jun/2024:02:45:11 +0000] "GET /search HTTP/1.1" 200 400 "-" "curl/7.88.1"
203.0.113.15 - - [01/Jun/2024:02:45:48 +0000] "GET /search HTTP/1.1" 200 3220 "-" "Mozilla/5.0 (Windows NT 10.0; Win64; x64) AppleWebKit/537.36 Chrome/120.0.0.0 Safari/537.36"
192.168.1.77 - - [01/Jun/2024:02:46:21 +0000] "GET /search HTTP/1.1" 200 1270 "-" "Mozilla/5.0 (iPhone; CPU iPhone OS 17_0 like Mac OS X) AppleWebKit/605.1.15 Mobile/15E148"
192.168.1.22 - - [01/Jun/2024:02:47:24 +0000] "GET /logout HTTP/1.1" 200 1078 "-" "Mozilla/5.0 (Macintosh; Intel Mac OS X 10_15_7) AppleWebKit/605.1.15 Safari/605.1.15"
172.16.0.55 - - [01/Jun/2024:02:47:44 +0000] "GET /logout HTTP/1.1" 304 1595 "-" "Mozilla/5.0 (Macintosh; Intel Mac OS X 10_15_7) AppleWebKit/605.1.15 Safari/605.1.15"
198.51.100.7 - - [01/Jun/2024:02:48:00 +0000] "GET /blog/post-1 HTTP/1.1" 200 13155 "-" "curl/7.88.1"
172.16.0.55 - - [01/Jun/2024:02:48:29 +0000] "GET /profile HTTP/1.1" 200 7453 "-" "Mozilla/5.0 (X11; Linux x86_64; rv:109.0) Gecko/20100101 Firefox/115.0"
198.51.100.23 - - [01/Jun/2024:02:50:20 +0000] "GET /blog/post-1 HTTP/1.1" 200 10374 "-" "Mozilla/5.0 (Windows NT 10.0; Win64; x64) AppleWebKit/537.36 Chrome/120.0.0.0 Safari/537.36"
10.0.0.99 - - [01/Jun/2024:02:51:39 +0000] "GET /contact HTTP/1.1" 304 3604 "-" "python-requests/2.31.0"
10.0.0.12 - - [01/Jun/2024:02:52:07 +0000] "GET /about HTTP/1.1" 200 3047 "-" "curl/7.88.1"
192.168.1.45 - - [01/Jun/2024:02:52:17 +0000] "GET / HTTP/1.1" 200 11494 "-" "curl/7.88.1"
10.0.0.12 - - [01/Jun/2024:02:53:18 +0000] "GET /index.html HTTP/1.1" 200 11782 "-" "Mozilla/5.0 (X11; Linux x86_64; rv:109.0) Gecko/20100101 Firefox/115.0"
192.168.1.77 - - [01/Jun/2024:02:54:48 +0000] "GET /blog/post-2 HTTP/1.1" 200 4024 "-" "Mozilla/5.0 (X11; Linux x86_64; rv:109.0) Gecko/20100101 Firefox/115.0"
172.16.0.55 - - [01/Jun/2024:02:56:29 +0000] "GET /logout HTTP/1.1" 200 3441 "-" "Mozilla/5.0 (iPhone; CPU iPhone OS 17_0 like Mac OS X) AppleWebKit/605.1.15 Mobile/15E148"
198.51.100.7 - - [01/Jun/2024:02:56:44 +0000] "GET /api/products HTTP/1.1" 200 4552 "-" "Mozilla/5.0 (Macintosh; Intel Mac OS X 10_15_7) AppleWebKit/605.1.15 Safari/605.1.15"
192.168.1.10 - - [01/Jun/2024:02:56:54 +0000] "GET /dashboard HTTP/1.1" 301 9949 "-" "python-requests/2.31.0"
198.51.100.23 - - [01/Jun/2024:02:58:40 +0000] "GET /static/main.css HTTP/1.1" 200 7879 "-" "python-requests/2.31.0"
10.0.0.99 - - [01/Jun/2024:02:59:19 +0000] "GET /blog HTTP/1.1" 304 8399 "-" "curl/7.88.1"
203.0.113.15 - - [01/Jun/2024:03:00:23 +0000] "GET /about HTTP/1.1" 200 14772 "-" "Mozilla/5.0 (iPhone; CPU iPhone OS 17_0 like Mac OS X) AppleWebKit/605.1.15 Mobile/15E148"
172.16.0.3 - - [01/Jun/2024:03:01:58 +0000] "POST /register HTTP/1.1" 200 3950 "-" "python-requests/2.31.0"
192.168.1.77 - - [01/Jun/2024:03:03:46 +0000] "GET /logout HTTP/1.1" 200 539 "-" "python-requests/2.31.0"
10.0.0.12 - - [01/Jun/2024:03:05:32 +0000] "GET /logout HTTP/1.1" 200 12590 "-" "Mozilla/5.0 (Macintosh; Intel Mac OS X 10_15_7) AppleWebKit/605.1.15 Safari/605.1.15"
198.51.100.7 - - [01/Jun/2024:03:06:33 +0000] "GET /blog/post-2 HTTP/1.1" 304 3173 "-" "curl/7.88.1"
203.0.113.42 - - [01/Jun/2024:03:07:29 +0000] "GET /search HTTP/1.1" 404 7900 "-" "Mozilla/5.0 (X11; Linux x86_64; rv:109.0) Gecko/20100101 Firefox/115.0"
172.16.0.3 - - [01/Jun/2024:03:08:22 +0000] "GET /static/app.js HTTP/1.1" 200 14253 "-" "Mozilla/5.0 (Macintosh; Intel Mac OS X 10_15_7) AppleWebKit/605.1.15 Safari/605.1.15"
172.16.0.8 - - [01/Jun/2024:03:09:05 +0000] "GET /search HTTP/1.1" 200 6761 "-" "curl/7.88.1"
203.0.113.15 - - [01/Jun/2024:03:09:10 +0000] "GET /about HTTP/1.1" 200 5496 "-" "Mozilla/5.0 (Windows NT 10.0; Win64; x64) AppleWebKit/537.36 Chrome/120.0.0.0 Safari/537.36"
172.16.0.8 - - [01/Jun/2024:03:10:49 +0000] "GET /profile HTTP/1.1" 304 218 "-" "python-requests/2.31.0"
198.51.100.7 - - [01/Jun/2024:03:12:41 +0000] "GET /blog/post-2 HTTP/1.1" 200 3273 "-" "curl/7.88.1"
198.51.100.23 - - [01/Jun/2024:03:13:28 +0000] "GET /search HTTP/1.1" 200 12651 "-" "Mozilla/5.0 (Windows NT 10.0; Win64; x64) AppleWebKit/537.36 Chrome/120.0.0.0 Safari/537.36"
10.0.0.12 - - [01/Jun/2024:03:13:55 +0000] "GET /settings HTTP/1.1" 200 4919 "-" "Mozilla/5.0 (iPhone; CPU iPhone OS 17_0 like Mac OS X) AppleWebKit/605.1.15 Mobile/15E148"
10.0.0.99 - - [01/Jun/2024:03:15:48 +0000] "GET /search HTTP/1.1" 200 10522 "-" "curl/7.88.1"
10.0.0.5 - - [01/Jun/2024:03:17:31 +0000] "GET /dashboard HTTP/1.1" 200 424 "-" "curl/7.88.1"
192.168.1.22 - - [01/Jun/2024:03:18:24 +0000] "GET /api/products HTTP/1.1" 404 2058 "-" "Mozilla/5.0 (iPhone; CPU iPhone OS 17_0 like Mac OS X) AppleWebKit/605.1.15 Mobile/15E148"
203.0.113.42 - - [01/Jun/2024:03:18:40 +0000] "POST /login HTTP/1.1" 304 4981 "-" "curl/7.88.1"
10.0.0.12 - - [01/Jun/2024:03:20:11 +0000] "GET /blog/post-1 HTTP/1.1" 304 7936 "-" "Mozilla/5.0 (Macintosh; Intel Mac OS X 10_15_7) AppleWebKit/605.1.15 Safari/605.1.15"
198.51.100.7 - - [01/Jun/2024:03:21:10 +0000] "POST /login HTTP/1.1" 200 10020 "-" "curl/7.88.1"
203.0.113.88 - - [01/Jun/2024:03:22:46 +0000] "GET /login HTTP/1.1" 200 13143 "-" "Mozilla/5.0 (iPhone; CPU iPhone OS 17_0 like Mac OS X) AppleWebKit/605.1.15 Mobile/15E148"
203.0.113.88 - - [01/Jun/2024:03:23:30 +0000] "GET /profile HTTP/1.1" 200 242 "-" "Mozilla/5.0 (X11; Linux x86_64; rv:109.0) Gecko/20100101 Firefox/115.0"
10.0.0.12 - - [01/Jun/2024:03:25:03 +0000] "GET /logout HTTP/1.1" 200 11012 "-" "Mozilla/5.0 (iPhone; CPU iPhone OS 17_0 like Mac OS X) AppleWebKit/605.1.15 Mobile/15E148"
192.168.1.45 - - [01/Jun/2024:03:26:54 +0000] "GET /blog/post-2 HTTP/1.1" 200 5854 "-" "Mozilla/5.0 (X11; Linux x86_64; rv:109.0) Gecko/20100101 Firefox/115.0"
172.16.0.55 - - [01/Jun/2024:03:28:05 +0000] "GET /settings HTTP/1.1" 200 5472 "-" "Mozilla/5.0 (Macintosh; Intel Mac OS X 10_15_7) AppleWebKit/605.1.15 Safari/605.1.15"
10.0.0.5 - - [01/Jun/2024:03:29:35 +0000] "GET /logout HTTP/1.1" 200 14224 "-" "Mozilla/5.0 (iPhone; CPU iPhone OS 17_0 like Mac OS X) AppleWebKit/605.1.15 Mobile/15E148"
172.16.0.3 - - [01/Jun/2024:03:29:41 +0000] "GET /search HTTP/1.1" 200 13494 "-" "Mozilla/5.0 (iPhone; CPU iPhone OS 17_0 like Mac OS X) AppleWebKit/605.1.15 Mobile/15E148"
203.0.113.42 - - [01/Jun/2024:03:30:31 +0000] "POST /login HTTP/1.1" 404 2268 "-" "curl/7.88.1"
172.16.0.3 - - [01/Jun/2024:03:31:47 +0000] "GET /contact HTTP/1.1" 304 7413 "-" "Mozilla/5.0 (Windows NT 10.0; Win64; x64) AppleWebKit/537.36 Chrome/120.0.0.0 Safari/537.36"
203.0.113.88 - - [01/Jun/2024:03:32:55 +0000] "GET /blog/post-2 HTTP/1.1" 200 2561 "-" "Mozilla/5.0 (iPhone; CPU iPhone OS 17_0 like Mac OS X) AppleWebKit/605.1.15 Mobile/15E148"
203.0.113.42 - - [01/Jun/2024:03:34:47 +0000] "GET /login HTTP/1.1" 200 4542 "-" "Mozilla/5.0 (X11; Linux x86_64; rv:109.0) Gecko/20100101 Firefox/115.0"
10.0.0.99 - - [01/Jun/2024:03:36:07 +0000] "GET /blog HTTP/1.1" 200 14155 "-" "Mozilla/5.0 (X11; Linux x86_64; rv:109.0) Gecko/20100101 Firefox/115.0"
203.0.113.42 - - [01/Jun/2024:03:37:57 +0000] "GET /settings HTTP/1.1" 200 5388 "-" "python-requests/2.31.0"
203.0.113.88 - - [01/Jun/2024:03:39:29 +0000] "GET /search HTTP/1.1" 304 788 "-" "curl/7.88.1"
10.0.0.5 - - [01/Jun/2024:03:39:38 +0000] "GET /static/main.css HTTP/1.1" 404 12435 "-" "Mozilla/5.0 (Windows NT 10.0; Win64; x64) AppleWebKit/537.36 Chrome/120.0.0.0 Safari/537.36"
192.168.1.22 - - [01/Jun/2024:03:40:34 +0000] "GET /contact HTTP/1.1" 200 11570 "-" "Mozilla/5.0 (X11; Linux x86_64; rv:109.0) Gecko/20100101 Firefox/115.0"
192.168.1.10 - - [01/Jun/2024:03:42:30 +0000] "GET /index.html HTTP/1.1" 200 1119 "-" "Mozilla/5.0 (X11; Linux x86_64; rv:109.0) Gecko/20100101 Firefox/115.0"
172.16.0.3 - - [01/Jun/2024:03:43:16 +0000] "GET /blog/post-1 HTTP/1.1" 200 8902 "-" "Mozilla/5.0 (iPhone; CPU iPhone OS 17_0 like Mac OS X) AppleWebKit/605.1.15 Mobile/15E148"
203.0.113.42 - - [01/Jun/2024:03:44:29 +0000] "GET /dashboard HTTP/1.1" 200 1493 "-" "curl/7.88.1"
172.16.0.8 - - [01/Jun/2024:03:46:21 +0000] "GET /register HTTP/1.1" 200 9754 "-" "Mozilla/5.0 (Macintosh; Intel Mac OS X 10_15_7) AppleWebKit/605.1.15 Safari/605.1.15"
203.0.113.15 - - [01/Jun/2024:03:46:51 +0000] "POST /api/orders HTTP/1.1" 200 353 "-" "Mozilla/5.0 (iPhone; CPU iPhone OS 17_0 like Mac OS X) AppleWebKit/605.1.15 Mobile/15E148"
10.0.0.12 - - [01/Jun/2024:03:48:47 +0000] "GET /settings HTTP/1.1" 200 7437 "-" "Mozilla/5.0 (X11; Linux x86_64; rv:109.0) Gecko/20100101 Firefox/115.0"
10.0.0.12 - - [01/Jun/2024:03:50:03 +0000] "GET /blog/post-1 HTTP/1.1" 200 7684 "-" "Mozilla/5.0 (X11; Linux x86_64; rv:109.0) Gecko/20100101 Firefox/115.0"
172.16.0.8 - - [01/Jun/2024:03:50:29 +0000] "GET /search HTTP/1.1" 200 6448 "-" "curl/7.88.1"
198.51.100.23 - - [01/Jun/2024:03:51:15 +0000] "GET /static/main.css HTTP/1.1" 404 5037 "-" "Mozilla/5.0 (Windows NT 10.0; Win64; x64) AppleWebKit/537.36 Chrome/120.0.0.0 Safari/537.36"
203.0.113.42 - - [01/Jun/2024:03:53:02 +0000] "GET /blog HTTP/1.1" 200 9472 "-" "python-requests/2.31.0"
10.0.0.99 - - [01/Jun/2024:03:54:42 +0000] "GET /index.html HTTP/1.1" 304 12408 "-" "Mozilla/5.0 (iPhone; CPU iPhone OS 17_0 like Mac OS X) AppleWebKit/605.1.15 Mobile/15E148"
203.0.113.88 - - [01/Jun/2024:03:56:29 +0000] "GET /static/main.css HTTP/1.1" 301 3970 "-" "curl/7.88.1"
172.16.0.3 - - [01/Jun/2024:03:58:12 +0000] "GET /api/products HTTP/1.1" 200 10372 "-" "Mozilla/5.0 (X11; Linux x86_64; rv:109.0) Gecko/20100101 Firefox/115.0"
172.16.0.55 - - [01/Jun/2024:03:59:39 +0000] "GET /login HTTP/1.1" 304 10789 "-" "Mozilla/5.0 (Windows NT 10.0; Win64; x64) AppleWebKit/537.36 Chrome/120.0.0.0 Safari/537.36"
172.16.0.55 - - [01/Jun/2024:04:00:19 +0000] "GET /blog/post-2 HTTP/1.1" 200 6177 "-" "python-requests/2.31.0"
192.168.1.22 - - [01/Jun/2024:04:00:36 +0000] "GET /static/main.css HTTP/1.1" 200 7007 "-" "Mozilla/5.0 (Macintosh; Intel Mac OS X 10_15_7) AppleWebKit/605.1.15 Safari/605.1.15"
192.168.1.45 - - [01/Jun/2024:04:01:02 +0000] "GET /settings HTTP/1.1" 304 6194 "-" "curl/7.88.1"
203.0.113.88 - - [01/Jun/2024:04:02:07 +0000] "GET /api/orders HTTP/1.1" 200 13711 "-" "Mozilla/5.0 (iPhone; CPU iPhone OS 17_0 like Mac OS X) AppleWebKit/605.1.15 Mobile/15E148"
10.0.0.12 - - [01/Jun/2024:04:03:51 +0000] "GET /static/app.js HTTP/1.1" 304 7873 "-" "Mozilla/5.0 (Windows NT 10.0; Win64; x64) AppleWebKit/537.36 Chrome/120.0.0.0 Safari/537.36"
172.16.0.55 - - [01/Jun/2024:04:04:10 +0000] "GET /api/products HTTP/1.1" 304 12065 "-" "python-requests/2.31.0"
192.168.1.77 - - [01/Jun/2024:04:05:01 +0000] "GET /settings HTTP/1.1" 200 13154 "-" "Mozilla/5.0 (iPhone; CPU iPhone OS 17_0 like Mac OS X) AppleWebKit/605.1.15 Mobile/15E148"
10.0.0.12 - - [01/Jun/2024:04:05:03 +0000] "GET /settings HTTP/1.1" 200 6238 "-" "python-requests/2.31.0"
203.0.113.42 - - [01/Jun/2024:04:06:39 +0000] "POST /api/orders HTTP/1.1" 304 6286 "-" "Mozilla/5.0 (Windows NT 10.0; Win64; x64) AppleWebKit/537.36 Chrome/120.0.0.0 Safari/537.36"
10.0.0.5 - - [01/Jun/2024:04:08:06 +0000] "GET /search HTTP/1.1" 200 14687 "-" "curl/7.88.1"
203.0.113.88 - - [01/Jun/2024:04:08:48 +0000] "GET /register HTTP/1.1" 200 10610 "-" "Mozilla/5.0 (iPhone; CPU iPhone OS 17_0 like Mac OS X) AppleWebKit/605.1.15 Mobile/15E148"
10.0.0.99 - - [01/Jun/2024:04:10:45 +0000] "GET /static/main.css HTTP/1.1" 200 2111 "-" "Mozilla/5.0 (Macintosh; Intel Mac OS X 10_15_7) AppleWebKit/605.1.15 Safari/605.1.15"
192.168.1.10 - - [01/Jun/2024:04:10:51 +0000] "GET /static/main.css HTTP/1.1" 404 2102 "-" "Mozilla/5.0 (Windows NT 10.0; Win64; x64) AppleWebKit/537.36 Chrome/120.0.0.0 Safari/537.36"
203.0.113.88 - - [01/Jun/2024:04:11:22 +0000] "GET /settings HTTP/1.1" 200 7632 "-" "Mozilla/5.0 (X11; Linux x86_64; rv:109.0) Gecko/20100101 Firefox/115.0"
10.0.0.99 - - [01/Jun/2024:04:12:48 +0000] "GET /settings HTTP/1.1" 200 12361 "-" "python-requests/2.31.0"
203.0.113.88 - - [01/Jun/2024:04:13:08 +0000] "GET /blog/post-1 HTTP/1.1" 200 13859 "-" "Mozilla/5.0 (iPhone; CPU iPhone OS 17_0 like Mac OS X) AppleWebKit/605.1.15 Mobile/15E148"
172.16.0.8 - - [01/Jun/2024:04:14:27 +0000] "GET /api/orders HTTP/1.1" 200 3759 "-" "Mozilla/5.0 (iPhone; CPU iPhone OS 17_0 like Mac OS X) AppleWebKit/605.1.15 Mobile/15E148"
10.0.0.5 - - [01/Jun/2024:04:15:24 +0000] "GET /static/logo.png HTTP/1.1" 200 11434 "-" "Mozilla/5.0 (X11; Linux x86_64; rv:109.0) Gecko/20100101 Firefox/115.0"
203.0.113.88 - - [01/Jun/2024:04:16:34 +0000] "GET /static/logo.png HTTP/1.1" 200 4720 "-" "Mozilla/5.0 (Macintosh; Intel Mac OS X 10_15_7) AppleWebKit/605.1.15 Safari/605.1.15"
192.168.1.77 - - [01/Jun/2024:04:16:50 +0000] "GET /blog/post-2 HTTP/1.1" 200 3675 "-" "python-requests/2.31.0"
198.51.100.23 - - [01/Jun/2024:04:18:12 +0000] "GET / HTTP/1.1" 200 5664 "-" "Mozilla/5.0 (Macintosh; Intel Mac OS X 10_15_7) AppleWebKit/605.1.15 Safari/605.1.15"
172.16.0.55 - - [01/Jun/2024:04:18:29 +0000] "GET /logout HTTP/1.1" 200 13795 "-" "curl/7.88.1"
198.51.100.23 - - [01/Jun/2024:04:18:56 +0000] "GET /api/users HTTP/1.1" 304 4017 "-" "Mozilla/5.0 (X11; Linux x86_64; rv:109.0) Gecko/20100101 Firefox/115.0"
192.168.1.45 - - [01/Jun/2024:04:20:36 +0000] "GET /register HTTP/1.1" 200 2570 "-" "Mozilla/5.0 (Macintosh; Intel Mac OS X 10_15_7) AppleWebKit/605.1.15 Safari/605.1.15"
10.0.0.12 - - [01/Jun/2024:04:21:46 +0000] "GET /dashboard HTTP/1.1" 200 14395 "-" "Mozilla/5.0 (Windows NT 10.0; Win64; x64) AppleWebKit/537.36 Chrome/120.0.0.0 Safari/537.36"
192.168.1.10 - - [01/Jun/2024:04:22:03 +0000] "GET /static/logo.png HTTP/1.1" 301 4098 "-" "curl/7.88.1"
192.168.1.10 - - [01/Jun/2024:04:22:45 +0000] "GET /dashboard HTTP/1.1" 200 2276 "-" "python-requests/2.31.0"
198.51.100.7 - - [01/Jun/2024:04:23:39 +0000] "GET /contact HTTP/1.1" 200 8002 "-" "Mozilla/5.0 (iPhone; CPU iPhone OS 17_0 like Mac OS X) AppleWebKit/605.1.15 Mobile/15E148"
172.16.0.3 - - [01/Jun/2024:04:25:19 +0000] "GET /profile HTTP/1.1" 200 7605 "-" "curl/7.88.1"
198.51.100.23 - - [01/Jun/2024:04:25:48 +0000] "GET /index.html HTTP/1.1" 200 14404 "-" "python-requests/2.31.0"
10.0.0.12 - - [01/Jun/2024:04:26:55 +0000] "GET /blog/post-2 HTTP/1.1" 200 710 "-" "Mozilla/5.0 (Windows NT 10.0; Win64; x64) AppleWebKit/537.36 Chrome/120.0.0.0 Safari/537.36"
192.168.1.77 - - [01/Jun/2024:04:27:57 +0000] "GET /blog HTTP/1.1" 200 1968 "-" "Mozilla/5.0 (iPhone; CPU iPhone OS 17_0 like Mac OS X) AppleWebKit/605.1.15 Mobile/15E148"
203.0.113.88 - - [01/Jun/2024:04:29:29 +0000] "GET /blog/post-2 HTTP/1.1" 200 1523 "-" "Mozilla/5.0 (X11; Linux x86_64; rv:109.0) Gecko/20100101 Firefox/115.0"
192.168.1.45 - - [01/Jun/2024:04:30:47 +0000] "GET /about HTTP/1.1" 200 10428 "-" "python-requests/2.31.0"
198.51.100.7 - - [01/Jun/2024:04:32:02 +0000] "GET /static/app.js HTTP/1.1" 200 9987 "-" "curl/7.88.1"
203.0.113.15 - - [01/Jun/2024:04:32:40 +0000] "GET /profile HTTP/1.1" 200 1824 "-" "python-requests/2.31.0"
192.168.1.77 - - [01/Jun/2024:04:32:55 +0000] "GET /settings HTTP/1.1" 200 3722 "-" "Mozilla/5.0 (iPhone; CPU iPhone OS 17_0 like Mac OS X) AppleWebKit/605.1.15 Mobile/15E148"
89.248.167.131 - - [01/Jun/2024:04:33:00 +0000] "GET /admin HTTP/1.1" 404 784 "-" "masscan/1.0 (https://github.com/robertdavidgraham/masscan)"
89.248.167.131 - - [01/Jun/2024:04:33:01 +0000] "GET /admin/login HTTP/1.1" 200 240 "-" "masscan/1.0 (https://github.com/robertdavidgraham/masscan)"
89.248.167.131 - - [01/Jun/2024:04:33:02 +0000] "GET /.env HTTP/1.1" 403 254 "-" "masscan/1.0 (https://github.com/robertdavidgraham/masscan)"
89.248.167.131 - - [01/Jun/2024:04:33:02 +0000] "GET /config.php HTTP/1.1" 404 482 "-" "masscan/1.0 (https://github.com/robertdavidgraham/masscan)"
89.248.167.131 - - [01/Jun/2024:04:33:03 +0000] "GET /wp-admin HTTP/1.1" 404 731 "-" "masscan/1.0 (https://github.com/robertdavidgraham/masscan)"
89.248.167.131 - - [01/Jun/2024:04:33:04 +0000] "GET /phpmyadmin HTTP/1.1" 404 116 "-" "masscan/1.0 (https://github.com/robertdavidgraham/masscan)"
89.248.167.131 - - [01/Jun/2024:04:33:04 +0000] "GET /.git/config HTTP/1.1" 404 112 "-" "masscan/1.0 (https://github.com/robertdavidgraham/masscan)"
89.248.167.131 - - [01/Jun/2024:04:33:05 +0000] "GET /backup.zip HTTP/1.1" 404 648 "-" "masscan/1.0 (https://github.com/robertdavidgraham/masscan)"
89.248.167.131 - - [01/Jun/2024:04:33:06 +0000] "GET /server-status HTTP/1.1" 200 790 "-" "masscan/1.0 (https://github.com/robertdavidgraham/masscan)"
89.248.167.131 - - [01/Jun/2024:04:33:07 +0000] "GET /api/debug HTTP/1.1" 404 283 "-" "masscan/1.0 (https://github.com/robertdavidgraham/masscan)"
89.248.167.131 - - [01/Jun/2024:04:33:07 +0000] "GET /console HTTP/1.1" 200 252 "-" "masscan/1.0 (https://github.com/robertdavidgraham/masscan)"
89.248.167.131 - - [01/Jun/2024:04:33:08 +0000] "GET /actuator HTTP/1.1" 404 358 "-" "masscan/1.0 (https://github.com/robertdavidgraham/masscan)"
89.248.167.131 - - [01/Jun/2024:04:33:09 +0000] "GET /actuator/health HTTP/1.1" 403 506 "-" "masscan/1.0 (https://github.com/robertdavidgraham/masscan)"
89.248.167.131 - - [01/Jun/2024:04:33:10 +0000] "GET /actuator/env HTTP/1.1" 404 570 "-" "masscan/1.0 (https://github.com/robertdavidgraham/masscan)"
89.248.167.131 - - [01/Jun/2024:04:33:11 +0000] "GET /actuator/beans HTTP/1.1" 404 331 "-" "masscan/1.0 (https://github.com/robertdavidgraham/masscan)"
89.248.167.131 - - [01/Jun/2024:04:33:11 +0000] "GET /.htaccess HTTP/1.1" 404 182 "-" "masscan/1.0 (https://github.com/robertdavidgraham/masscan)"
89.248.167.131 - - [01/Jun/2024:04:33:12 +0000] "GET /web.config HTTP/1.1" 404 132 "-" "masscan/1.0 (https://github.com/robertdavidgraham/masscan)"
89.248.167.131 - - [01/Jun/2024:04:33:13 +0000] "GET /robots.txt HTTP/1.1" 404 665 "-" "masscan/1.0 (https://github.com/robertdavidgraham/masscan)"
89.248.167.131 - - [01/Jun/2024:04:33:14 +0000] "GET /sitemap.xml HTTP/1.1" 404 275 "-" "masscan/1.0 (https://github.com/robertdavidgraham/masscan)"
89.248.167.131 - - [01/Jun/2024:04:33:14 +0000] "GET /.DS_Store HTTP/1.1" 404 760 "-" "masscan/1.0 (https://github.com/robertdavidgraham/masscan)"
89.248.167.131 - - [01/Jun/2024:04:33:15 +0000] "GET /passwd HTTP/1.1" 404 197 "-" "masscan/1.0 (https://github.com/robertdavidgraham/masscan)"
89.248.167.131 - - [01/Jun/2024:04:33:16 +0000] "GET /etc/passwd HTTP/1.1" 404 335 "-" "masscan/1.0 (https://github.com/robertdavidgraham/masscan)"
89.248.167.131 - - [01/Jun/2024:04:33:17 +0000] "GET /proc/self/environ HTTP/1.1" 404 680 "-" "masscan/1.0 (https://github.com/robertdavidgraham/masscan)"
89.248.167.131 - - [01/Jun/2024:04:33:18 +0000] "GET /api/admin HTTP/1.1" 200 176 "-" "masscan/1.0 (https://github.com/robertdavidgraham/masscan)"
89.248.167.131 - - [01/Jun/2024:04:33:19 +0000] "GET /api/v1/users/all HTTP/1.1" 403 656 "-" "masscan/1.0 (https://github.com/robertdavidgraham/masscan)"
89.248.167.131 - - [01/Jun/2024:04:33:20 +0000] "GET /test HTTP/1.1" 200 422 "-" "masscan/1.0 (https://github.com/robertdavidgraham/masscan)"
89.248.167.131 - - [01/Jun/2024:04:33:20 +0000] "GET /debug HTTP/1.1" 403 247 "-" "masscan/1.0 (https://github.com/robertdavidgraham/masscan)"
203.0.113.88 - - [01/Jun/2024:04:33:53 +0000] "GET /api/products HTTP/1.1" 200 13756 "-" "Mozilla/5.0 (iPhone; CPU iPhone OS 17_0 like Mac OS X) AppleWebKit/605.1.15 Mobile/15E148"
172.16.0.8 - - [01/Jun/2024:04:34:45 +0000] "GET /contact HTTP/1.1" 200 5320 "-" "python-requests/2.31.0"
172.16.0.3 - - [01/Jun/2024:04:35:18 +0000] "POST /login HTTP/1.1" 200 13827 "-" "Mozilla/5.0 (Windows NT 10.0; Win64; x64) AppleWebKit/537.36 Chrome/120.0.0.0 Safari/537.36"
172.16.0.8 - - [01/Jun/2024:04:35:30 +0000] "GET /contact HTTP/1.1" 200 6305 "-" "Mozilla/5.0 (Macintosh; Intel Mac OS X 10_15_7) AppleWebKit/605.1.15 Safari/605.1.15"
192.168.1.10 - - [01/Jun/2024:04:36:42 +0000] "GET /logout HTTP/1.1" 404 9402 "-" "Mozilla/5.0 (X11; Linux x86_64; rv:109.0) Gecko/20100101 Firefox/115.0"
192.168.1.22 - - [01/Jun/2024:04:38:08 +0000] "GET /blog/post-1 HTTP/1.1" 200 11100 "-" "Mozilla/5.0 (iPhone; CPU iPhone OS 17_0 like Mac OS X) AppleWebKit/605.1.15 Mobile/15E148"
203.0.113.88 - - [01/Jun/2024:04:40:00 +0000] "GET /index.html HTTP/1.1" 404 10037 "-" "Mozilla/5.0 (X11; Linux x86_64; rv:109.0) Gecko/20100101 Firefox/115.0"
192.168.1.22 - - [01/Jun/2024:04:40:46 +0000] "GET /logout HTTP/1.1" 200 2735 "-" "python-requests/2.31.0"
10.0.0.5 - - [01/Jun/2024:04:41:48 +0000] "GET /contact HTTP/1.1" 200 9313 "-" "Mozilla/5.0 (X11; Linux x86_64; rv:109.0) Gecko/20100101 Firefox/115.0"
172.16.0.55 - - [01/Jun/2024:04:42:03 +0000] "GET /api/orders HTTP/1.1" 304 14047 "-" "curl/7.88.1"
192.168.1.77 - - [01/Jun/2024:04:43:42 +0000] "GET /register HTTP/1.1" 200 10977 "-" "python-requests/2.31.0"
192.168.1.10 - - [01/Jun/2024:04:44:17 +0000] "GET /dashboard HTTP/1.1" 200 12691 "-" "Mozilla/5.0 (X11; Linux x86_64; rv:109.0) Gecko/20100101 Firefox/115.0"
172.16.0.3 - - [01/Jun/2024:04:46:15 +0000] "GET /static/logo.png HTTP/1.1" 200 14451 "-" "Mozilla/5.0 (Macintosh; Intel Mac OS X 10_15_7) AppleWebKit/605.1.15 Safari/605.1.15"
203.0.113.42 - - [01/Jun/2024:04:47:28 +0000] "GET /blog HTTP/1.1" 200 12340 "-" "python-requests/2.31.0"
192.168.1.22 - - [01/Jun/2024:04:47:32 +0000] "GET /profile HTTP/1.1" 200 7078 "-" "Mozilla/5.0 (iPhone; CPU iPhone OS 17_0 like Mac OS X) AppleWebKit/605.1.15 Mobile/15E148"
192.168.1.45 - - [01/Jun/2024:04:48:16 +0000] "GET /static/logo.png HTTP/1.1" 200 5514 "-" "curl/7.88.1"
192.168.1.22 - - [01/Jun/2024:04:49:33 +0000] "GET /index.html HTTP/1.1" 200 12560 "-" "curl/7.88.1"
203.0.113.42 - - [01/Jun/2024:04:49:40 +0000] "GET /about HTTP/1.1" 200 11045 "-" "Mozilla/5.0 (iPhone; CPU iPhone OS 17_0 like Mac OS X) AppleWebKit/605.1.15 Mobile/15E148"
198.51.100.23 - - [01/Jun/2024:04:50:43 +0000] "GET /blog/post-2 HTTP/1.1" 200 3731 "-" "curl/7.88.1"
172.16.0.3 - - [01/Jun/2024:04:50:58 +0000] "GET /blog/post-1 HTTP/1.1" 200 11311 "-" "python-requests/2.31.0"
203.0.113.15 - - [01/Jun/2024:04:52:14 +0000] "GET /profile HTTP/1.1" 200 944 "-" "Mozilla/5.0 (Macintosh; Intel Mac OS X 10_15_7) AppleWebKit/605.1.15 Safari/605.1.15"
198.51.100.23 - - [01/Jun/2024:04:53:05 +0000] "GET /index.html HTTP/1.1" 200 5138 "-" "Mozilla/5.0 (Macintosh; Intel Mac OS X 10_15_7) AppleWebKit/605.1.15 Safari/605.1.15"
192.168.1.45 - - [01/Jun/2024:04:54:44 +0000] "POST /api/orders HTTP/1.1" 200 326 "-" "Mozilla/5.0 (iPhone; CPU iPhone OS 17_0 like Mac OS X) AppleWebKit/605.1.15 Mobile/15E148"
172.16.0.8 - - [01/Jun/2024:04:56:20 +0000] "GET /dashboard HTTP/1.1" 200 8925 "-" "python-requests/2.31.0"
198.51.100.7 - - [01/Jun/2024:04:56:50 +0000] "GET /settings HTTP/1.1" 304 13408 "-" "Mozilla/5.0 (X11; Linux x86_64; rv:109.0) Gecko/20100101 Firefox/115.0"
172.16.0.8 - - [01/Jun/2024:04:57:00 +0000] "GET /index.html HTTP/1.1" 200 7732 "-" "Mozilla/5.0 (Windows NT 10.0; Win64; x64) AppleWebKit/537.36 Chrome/120.0.0.0 Safari/537.36"
172.16.0.3 - - [01/Jun/2024:04:58:51 +0000] "GET /logout HTTP/1.1" 200 6826 "-" "python-requests/2.31.0"
172.16.0.8 - - [01/Jun/2024:05:00:13 +0000] "GET /static/main.css HTTP/1.1" 200 541 "-" "Mozilla/5.0 (X11; Linux x86_64; rv:109.0) Gecko/20100101 Firefox/115.0"
