172.16.0.55 - - [01/Jun/2024:12:46:23 +0000] "GET /blog/post-1 HTTP/1.1" 200 2292 "-" "Mozilla/5.0 (X11; Linux x86_64; rv:109.0) Gecko/20100101 Firefox/115.0"
203.0.113.42 - - [01/Jun/2024:12:48:51 +0000] "GET /about HTTP/1.1" 200 16937 "-" "Mozilla/5.0 (X11; Linux x86_64; rv:109.0) Gecko/20100101 Firefox/115.0"
203.0.113.15 - - [01/Jun/2024:12:49:06 +0000] "GET /logout HTTP/1.1" 200 5354 "-" "Mozilla/5.0 (X11; Linux x86_64; rv:109.0) Gecko/20100101 Firefox/115.0"
203.0.113.88 - - [01/Jun/2024:12:49:33 +0000] "GET /logout HTTP/1.1" 200 3979 "-" "Mozilla/5.0 (Macintosh; Intel Mac OS X 10_15_7) AppleWebKit/605.1.15 Safari/605.1.15"
192.168.1.10 - - [01/Jun/2024:12:51:44 +0000] "GET /index.html HTTP/1.1" 304 602 "-" "Mozilla/5.0 (Macintosh; Intel Mac OS X 10_15_7) AppleWebKit/605.1.15 Safari/605.1.15"
203.0.113.15 - - [01/Jun/2024:12:51:56 +0000] "GET /static/logo.png HTTP/1.1" 200 5117 "-" "Mozilla/5.0 (Macintosh; Intel Mac OS X 10_15_7) AppleWebKit/605.1.15 Safari/605.1.15"
198.51.100.7 - - [01/Jun/2024:12:52:06 +0000] "GET /blog/post-1 HTTP/1.1" 200 8335 "-" "Mozilla/5.0 (iPhone; CPU iPhone OS 17_0 like Mac OS X) AppleWebKit/605.1.15 Mobile/15E148"
10.0.0.12 - - [01/Jun/2024:12:53:28 +0000] "GET /about HTTP/1.1" 200 4112 "-" "curl/7.88.1"
203.0.113.88 - - [01/Jun/2024:12:56:21 +0000] "GET /index.html HTTP/1.1" 200 17100 "-" "Mozilla/5.0 (Windows NT 10.0; Win64; x64) AppleWebKit/537.36 Chrome/120.0.0.0 Safari/537.36"
192.168.1.22 - - [01/Jun/2024:12:58:04 +0000] "GET /blog/post-2 HTTP/1.1" 304 10380 "-" "Mozilla/5.0 (X11; Linux x86_64; rv:109.0) Gecko/20100101 Firefox/115.0"
198.51.100.7 - - [01/Jun/2024:12:58:27 +0000] "GET /blog/post-2 HTTP/1.1" 200 6775 "-" "Mozilla/5.0 (X11; Linux x86_64; rv:109.0) Gecko/20100101 Firefox/115.0"
172.16.0.55 - - [01/Jun/2024:13:00:52 +0000] "GET /static/main.css HTTP/1.1" 301 8148 "-" "Mozilla/5.0 (iPhone; CPU iPhone OS 17_0 like Mac OS X) AppleWebKit/605.1.15 Mobile/15E148"
198.51.100.23 - - [01/Jun/2024:13:02:27 +0000] "GET /search HTTP/1.1" 500 6603 "-" "python-requests/2.31.0"
172.16.0.55 - - [01/Jun/2024:13:04:47 +0000] "GET /api/products HTTP/1.1" 200 13636 "-" "Mozilla/5.0 (Windows NT 10.0; Win64; x64) AppleWebKit/537.36 Chrome/120.0.0.0 Safari/537.36"
198.51.100.7 - - [01/Jun/2024:13:05:47 +0000] "GET /static/logo.png HTTP/1.1" 200 514 "-" "Mozilla/5.0 (X11; Linux x86_64; rv:109.0) Gecko/20100101 Firefox/115.0"
172.16.0.55 - - [01/Jun/2024:13:05:48 +0000] "GET /blog HTTP/1.1" 304 10276 "-" "Mozilla/5.0 (Windows NT 10.0; Win64; x64) AppleWebKit/537.36 Chrome/120.0.0.0 Safari/537.36"
198.51.100.7 - - [01/Jun/2024:13:06:41 +0000] "GET /api/products HTTP/1.1" 200 2162 "-" "Mozilla/5.0 (Macintosh; Intel Mac OS X 10_15_7) AppleWebKit/605.1.15 Safari/605.1.15"
192.168.1.22 - - [01/Jun/2024:13:07:53 +0000] "GET /index.html HTTP/1.1" 404 17231 "-" "Mozilla/5.0 (iPhone; CPU iPhone OS 17_0 like Mac OS X) AppleWebKit/605.1.15 Mobile/15E148"
203.0.113.88 - - [01/Jun/2024:13:10:53 +0000] "GET /static/logo.png HTTP/1.1" 200 2982 "-" "curl/7.88.1"
198.51.100.7 - - [01/Jun/2024:13:11:18 +0000] "GET /login HTTP/1.1" 200 13122 "-" "Mozilla/5.0 (Windows NT 10.0; Win64; x64) AppleWebKit/537.36 Chrome/120.0.0.0 Safari/537.36"
198.51.100.23 - - [01/Jun/2024:13:13:50 +0000] "GET /index.html HTTP/1.1" 200 4483 "-" "Mozilla/5.0 (Macintosh; Intel Mac OS X 10_15_7) AppleWebKit/605.1.15 Safari/605.1.15"
10.0.0.12 - - [01/Jun/2024:13:15:05 +0000] "GET /static/app.js HTTP/1.1" 404 13076 "-" "python-requests/2.31.0"
172.16.0.3 - - [01/Jun/2024:13:16:29 +0000] "GET /blog/post-2 HTTP/1.1" 200 2647 "-" "Mozilla/5.0 (Macintosh; Intel Mac OS X 10_15_7) AppleWebKit/605.1.15 Safari/605.1.15"
172.16.0.55 - - [01/Jun/2024:13:17:04 +0000] "GET /logout HTTP/1.1" 200 3662 "-" "Mozilla/5.0 (Macintosh; Intel Mac OS X 10_15_7) AppleWebKit/605.1.15 Safari/605.1.15"
203.0.113.15 - - [01/Jun/2024:13:19:00 +0000] "GET /static/app.js HTTP/1.1" 200 17761 "-" "Mozilla/5.0 (X11; Linux x86_64; rv:109.0) Gecko/20100101 Firefox/115.0"
203.0.113.15 - - [01/Jun/2024:13:19:54 +0000] "GET /static/main.css HTTP/1.1" 200 4129 "-" "Mozilla/5.0 (Windows NT 10.0; Win64; x64) AppleWebKit/537.36 Chrome/120.0.0.0 Safari/537.36"
172.16.0.55 - - [01/Jun/2024:13:20:35 +0000] "GET /static/main.css HTTP/1.1" 304 19969 "-" "Mozilla/5.0 (Windows NT 10.0; Win64; x64) AppleWebKit/537.36 Chrome/120.0.0.0 Safari/537.36"
192.168.1.77 - - [01/Jun/2024:13:21:31 +0000] "GET /static/app.js HTTP/1.1" 200 8333 "-" "Mozilla/5.0 (X11; Linux x86_64; rv:109.0) Gecko/20100101 Firefox/115.0"
198.51.100.7 - - [01/Jun/2024:13:23:13 +0000] "GET /index.html HTTP/1.1" 200 8725 "-" "Mozilla/5.0 (Macintosh; Intel Mac OS X 10_15_7) AppleWebKit/605.1.15 Safari/605.1.15"
172.16.0.8 - - [01/Jun/2024:13:23:21 +0000] "GET /blog/post-2 HTTP/1.1" 200 18226 "-" "Mozilla/5.0 (Macintosh; Intel Mac OS X 10_15_7) AppleWebKit/605.1.15 Safari/605.1.15"
203.0.113.15 - - [01/Jun/2024:13:23:46 +0000] "GET /contact HTTP/1.1" 304 4780 "-" "Mozilla/5.0 (Windows NT 10.0; Win64; x64) AppleWebKit/537.36 Chrome/120.0.0.0 Safari/537.36"
192.168.1.10 - - [01/Jun/2024:13:23:50 +0000] "GET /api/products HTTP/1.1" 200 13326 "-" "Mozilla/5.0 (X11; Linux x86_64; rv:109.0) Gecko/20100101 Firefox/115.0"
203.0.113.42 - - [01/Jun/2024:13:26:46 +0000] "GET /about HTTP/1.1" 200 8681 "-" "Mozilla/5.0 (Windows NT 10.0; Win64; x64) AppleWebKit/537.36 Chrome/120.0.0.0 Safari/537.36"
192.168.1.22 - - [01/Jun/2024:13:26:52 +0000] "GET /api/users HTTP/1.1" 304 14730 "-" "Mozilla/5.0 (Macintosh; Intel Mac OS X 10_15_7) AppleWebKit/605.1.15 Safari/605.1.15"
203.0.113.88 - - [01/Jun/2024:13:27:16 +0000] "GET /static/app.js HTTP/1.1" 200 15305 "-" "Mozilla/5.0 (Windows NT 10.0; Win64; x64) AppleWebKit/537.36 Chrome/120.0.0.0 Safari/537.36"
203.0.113.88 - - [01/Jun/2024:13:28:00 +0000] "GET /logout HTTP/1.1" 200 13143 "-" "Mozilla/5.0 (iPhone; CPU iPhone OS 17_0 like Mac OS X) AppleWebKit/605.1.15 Mobile/15E148"
172.16.0.8 - - [01/Jun/2024:13:28:08 +0000] "GET /blog/post-1 HTTP/1.1" 200 7235 "-" "Mozilla/5.0 (Macintosh; Intel Mac OS X 10_15_7) AppleWebKit/605.1.15 Safari/605.1.15"
10.0.0.12 - - [01/Jun/2024:13:29:19 +0000] "GET /blog/post-2 HTTP/1.1" 304 1335 "-" "curl/7.88.1"
198.51.100.23 - - [01/Jun/2024:13:31:58 +0000] "GET /api/products HTTP/1.1" 200 16547 "-" "Mozilla/5.0 (iPhone; CPU iPhone OS 17_0 like Mac OS X) AppleWebKit/605.1.15 Mobile/15E148"
203.0.113.15 - - [01/Jun/2024:13:34:19 +0000] "GET /index.html HTTP/1.1" 200 12750 "-" "Mozilla/5.0 (Macintosh; Intel Mac OS X 10_15_7) AppleWebKit/605.1.15 Safari/605.1.15"
10.0.0.5 - - [01/Jun/2024:13:36:07 +0000] "GET /profile HTTP/1.1" 200 18014 "-" "Mozilla/5.0 (Windows NT 10.0; Win64; x64) AppleWebKit/537.36 Chrome/120.0.0.0 Safari/537.36"
172.16.0.55 - - [01/Jun/2024:13:37:45 +0000] "GET /static/logo.png HTTP/1.1" 200 16081 "-" "Mozilla/5.0 (X11; Linux x86_64; rv:109.0) Gecko/20100101 Firefox/115.0"
198.51.100.7 - - [01/Jun/2024:13:40:10 +0000] "GET /static/app.js HTTP/1.1" 200 6092 "-" "Mozilla/5.0 (Windows NT 10.0; Win64; x64) AppleWebKit/537.36 Chrome/120.0.0.0 Safari/537.36"
198.51.100.23 - - [01/Jun/2024:13:41:32 +0000] "GET /api/products HTTP/1.1" 200 9405 "-" "Mozilla/5.0 (Windows NT 10.0; Win64; x64) AppleWebKit/537.36 Chrome/120.0.0.0 Safari/537.36"
198.51.100.7 - - [01/Jun/2024:13:43:33 +0000] "GET /static/logo.png HTTP/1.1" 301 7827 "-" "Mozilla/5.0 (Macintosh; Intel Mac OS X 10_15_7) AppleWebKit/605.1.15 Safari/605.1.15"
10.0.0.5 - - [01/Jun/2024:13:43:59 +0000] "GET /api/products HTTP/1.1" 200 2032 "-" "Mozilla/5.0 (Macintosh; Intel Mac OS X 10_15_7) AppleWebKit/605.1.15 Safari/605.1.15"
192.168.1.77 - - [01/Jun/2024:13:46:27 +0000] "GET /blog HTTP/1.1" 200 5892 "-" "Mozilla/5.0 (Macintosh; Intel Mac OS X 10_15_7) AppleWebKit/605.1.15 Safari/605.1.15"
198.51.100.23 - - [01/Jun/2024:13:47:28 +0000] "GET /static/app.js HTTP/1.1" 304 11956 "-" "curl/7.88.1"
10.0.0.99 - - [01/Jun/2024:13:47:36 +0000] "GET /static/logo.png HTTP/1.1" 404 18668 "-" "Mozilla/5.0 (Macintosh; Intel Mac OS X 10_15_7) AppleWebKit/605.1.15 Safari/605.1.15"
10.0.0.5 - - [01/Jun/2024:13:50:01 +0000] "GET /search HTTP/1.1" 200 5952 "-" "Mozilla/5.0 (iPhone; CPU iPhone OS 17_0 like Mac OS X) AppleWebKit/605.1.15 Mobile/15E148"
192.168.1.22 - - [01/Jun/2024:13:50:11 +0000] "GET /index.html HTTP/1.1" 200 7369 "-" "Mozilla/5.0 (Windows NT 10.0; Win64; x64) AppleWebKit/537.36 Chrome/120.0.0.0 Safari/537.36"
203.0.113.15 - - [01/Jun/2024:13:52:26 +0000] "GET / HTTP/1.1" 200 6801 "-" "Mozilla/5.0 (Macintosh; Intel Mac OS X 10_15_7) AppleWebKit/605.1.15 Safari/605.1.15"
10.0.0.99 - - [01/Jun/2024:13:53:54 +0000] "GET /dashboard HTTP/1.1" 304 10803 "-" "Mozilla/5.0 (Windows NT 10.0; Win64; x64) AppleWebKit/537.36 Chrome/120.0.0.0 Safari/537.36"
192.168.1.45 - - [01/Jun/2024:13:54:00 +0000] "GET /logout HTTP/1.1" 200 4841 "-" "Mozilla/5.0 (Windows NT 10.0; Win64; x64) AppleWebKit/537.36 Chrome/120.0.0.0 Safari/537.36"
192.168.1.77 - - [01/Jun/2024:13:56:15 +0000] "GET /static/logo.png HTTP/1.1" 404 12441 "-" "python-requests/2.31.0"
172.16.0.8 - - [01/Jun/2024:13:59:05 +0000] "GET /logout HTTP/1.1" 200 10088 "-" "Mozilla/5.0 (X11; Linux x86_64; rv:109.0) Gecko/20100101 Firefox/115.0"
192.168.1.45 - - [01/Jun/2024:13:59:40 +0000] "GET /blog/post-1 HTTP/1.1" 304 16164 "-" "python-requests/2.31.0"
192.168.1.45 - - [01/Jun/2024:14:01:02 +0000] "GET /settings HTTP/1.1" 200 11892 "-" "Mozilla/5.0 (Macintosh; Intel Mac OS X 10_15_7) AppleWebKit/605.1.15 Safari/605.1.15"
198.51.100.23 - - [01/Jun/2024:14:03:53 +0000] "GET /dashboard HTTP/1.1" 200 9850 "-" "Mozilla/5.0 (Macintosh; Intel Mac OS X 10_15_7) AppleWebKit/605.1.15 Safari/605.1.15"
10.0.0.99 - - [01/Jun/2024:14:04:39 +0000] "GET / HTTP/1.1" 404 18970 "-" "Mozilla/5.0 (iPhone; CPU iPhone OS 17_0 like Mac OS X) AppleWebKit/605.1.15 Mobile/15E148"
192.168.1.10 - - [01/Jun/2024:14:07:05 +0000] "GET /dashboard HTTP/1.1" 200 7438 "-" "python-requests/2.31.0"
192.168.1.22 - - [01/Jun/2024:14:09:30 +0000] "GET /search HTTP/1.1" 200 2749 "-" "Mozilla/5.0 (Macintosh; Intel Mac OS X 10_15_7) AppleWebKit/605.1.15 Safari/605.1.15"
172.16.0.3 - - [01/Jun/2024:14:10:59 +0000] "GET /dashboard HTTP/1.1" 200 3107 "-" "python-requests/2.31.0"
203.0.113.42 - - [01/Jun/2024:14:13:51 +0000] "GET /static/app.js HTTP/1.1" 200 8890 "-" "Mozilla/5.0 (Macintosh; Intel Mac OS X 10_15_7) AppleWebKit/605.1.15 Safari/605.1.15"
10.0.0.99 - - [01/Jun/2024:14:14:55 +0000] "GET /about HTTP/1.1" 200 3740 "-" "python-requests/2.31.0"
192.168.1.10 - - [01/Jun/2024:14:14:56 +0000] "GET /blog HTTP/1.1" 200 13951 "-" "Mozilla/5.0 (Macintosh; Intel Mac OS X 10_15_7) AppleWebKit/605.1.15 Safari/605.1.15"
203.0.113.15 - - [01/Jun/2024:14:16:42 +0000] "GET /blog HTTP/1.1" 200 12499 "-" "Mozilla/5.0 (Windows NT 10.0; Win64; x64) AppleWebKit/537.36 Chrome/120.0.0.0 Safari/537.36"
172.16.0.55 - - [01/Jun/2024:14:18:45 +0000] "GET /logout HTTP/1.1" 200 7591 "-" "Mozilla/5.0 (Macintosh; Intel Mac OS X 10_15_7) AppleWebKit/605.1.15 Safari/605.1.15"
192.168.1.22 - - [01/Jun/2024:14:20:41 +0000] "GET /index.html HTTP/1.1" 200 10643 "-" "Mozilla/5.0 (X11; Linux x86_64; rv:109.0) Gecko/20100101 Firefox/115.0"
192.168.1.22 - - [01/Jun/2024:14:21:08 +0000] "GET /static/app.js HTTP/1.1" 200 12503 "-" "Mozilla/5.0 (Macintosh; Intel Mac OS X 10_15_7) AppleWebKit/605.1.15 Safari/605.1.15"
198.51.100.7 - - [01/Jun/2024:14:21:28 +0000] "GET /about HTTP/1.1" 200 16018 "-" "python-requests/2.31.0"
172.16.0.8 - - [01/Jun/2024:14:21:36 +0000] "GET /dashboard HTTP/1.1" 200 14427 "-" "Mozilla/5.0 (Macintosh; Intel Mac OS X 10_15_7) AppleWebKit/605.1.15 Safari/605.1.15"
192.168.1.22 - - [01/Jun/2024:14:21:50 +0000] "GET /static/app.js HTTP/1.1" 200 6425 "-" "Mozilla/5.0 (iPhone; CPU iPhone OS 17_0 like Mac OS X) AppleWebKit/605.1.15 Mobile/15E148"
198.51.100.7 - - [01/Jun/2024:14:24:49 +0000] "GET /settings HTTP/1.1" 200 9424 "-" "Mozilla/5.0 (X11; Linux x86_64; rv:109.0) Gecko/20100101 Firefox/115.0"
192.168.1.22 - - [01/Jun/2024:14:25:50 +0000] "GET /index.html HTTP/1.1" 200 18211 "-" "Mozilla/5.0 (iPhone; CPU iPhone OS 17_0 like Mac OS X) AppleWebKit/605.1.15 Mobile/15E148"
192.168.1.10 - - [01/Jun/2024:14:26:30 +0000] "GET /static/logo.png HTTP/1.1" 200 3071 "-" "Mozilla/5.0 (X11; Linux x86_64; rv:109.0) Gecko/20100101 Firefox/115.0"
203.0.113.42 - - [01/Jun/2024:14:29:20 +0000] "GET /register HTTP/1.1" 200 3378 "-" "Mozilla/5.0 (Windows NT 10.0; Win64; x64) AppleWebKit/537.36 Chrome/120.0.0.0 Safari/537.36"
192.168.1.45 - - [01/Jun/2024:14:30:13 +0000] "GET /static/main.css HTTP/1.1" 404 15717 "-" "Mozilla/5.0 (Windows NT 10.0; Win64; x64) AppleWebKit/537.36 Chrome/120.0.0.0 Safari/537.36"
172.16.0.55 - - [01/Jun/2024:14:31:32 +0000] "GET /blog HTTP/1.1" 200 8883 "-" "Mozilla/5.0 (Windows NT 10.0; Win64; x64) AppleWebKit/537.36 Chrome/120.0.0.0 Safari/537.36"
198.51.100.7 - - [01/Jun/2024:14:34:17 +0000] "GET /blog HTTP/1.1" 200 12699 "-" "Mozilla/5.0 (X11; Linux x86_64; rv:109.0) Gecko/20100101 Firefox/115.0"
203.0.113.15 - - [01/Jun/2024:14:35:05 +0000] "GET /index.html HTTP/1.1" 200 15439 "-" "Mozilla/5.0 (X11; Linux x86_64; rv:109.0) Gecko/20100101 Firefox/115.0"
192.168.1.77 - - [01/Jun/2024:14:36:03 +0000] "GET /api/orders HTTP/1.1" 200 5152 "-" "python-requests/2.31.0"
192.168.1.22 - - [01/Jun/2024:14:38:54 +0000] "GET /about HTTP/1.1" 200 17942 "-" "Mozilla/5.0 (iPhone; CPU iPhone OS 17_0 like Mac OS X) AppleWebKit/605.1.15 Mobile/15E148"
10.0.0.5 - - [01/Jun/2024:14:41:25 +0000] "GET /settings HTTP/1.1" 200 12884 "-" "curl/7.88.1"
198.51.100.7 - - [01/Jun/2024:14:43:13 +0000] "GET /search HTTP/1.1" 200 7921 "-" "Mozilla/5.0 (iPhone; CPU iPhone OS 17_0 like Mac OS X) AppleWebKit/605.1.15 Mobile/15E148"
192.168.1.22 - - [01/Jun/2024:14:44:30 +0000] "GET /blog HTTP/1.1" 304 1337 "-" "curl/7.88.1"
203.0.113.88 - - [01/Jun/2024:14:46:57 +0000] "GET /profile HTTP/1.1" 304 5031 "-" "Mozilla/5.0 (Windows NT 10.0; Win64; x64) AppleWebKit/537.36 Chrome/120.0.0.0 Safari/537.36"
192.168.1.45 - - [01/Jun/2024:14:48:52 +0000] "GET /dashboard HTTP/1.1" 404 6515 "-" "Mozilla/5.0 (Macintosh; Intel Mac OS X 10_15_7) AppleWebKit/605.1.15 Safari/605.1.15"
172.16.0.8 - - [01/Jun/2024:14:49:03 +0000] "GET /about HTTP/1.1" 500 14466 "-" "Mozilla/5.0 (Macintosh; Intel Mac OS X 10_15_7) AppleWebKit/605.1.15 Safari/605.1.15"
192.168.1.45 - - [01/Jun/2024:14:51:44 +0000] "GET /register HTTP/1.1" 200 2395 "-" "Mozilla/5.0 (Windows NT 10.0; Win64; x64) AppleWebKit/537.36 Chrome/120.0.0.0 Safari/537.36"
198.51.100.7 - - [01/Jun/2024:14:53:24 +0000] "GET /blog HTTP/1.1" 200 9250 "-" "curl/7.88.1"
203.0.113.88 - - [01/Jun/2024:14:55:22 +0000] "GET / HTTP/1.1" 304 19453 "-" "curl/7.88.1"
192.168.1.22 - - [01/Jun/2024:14:57:10 +0000] "GET /blog/post-1 HTTP/1.1" 200 18766 "-" "curl/7.88.1"
172.16.0.55 - - [01/Jun/2024:14:59:40 +0000] "GET /contact HTTP/1.1" 404 18638 "-" "Mozilla/5.0 (Windows NT 10.0; Win64; x64) AppleWebKit/537.36 Chrome/120.0.0.0 Safari/537.36"
192.168.1.77 - - [01/Jun/2024:15:00:54 +0000] "GET /settings HTTP/1.1" 304 13664 "-" "Mozilla/5.0 (X11; Linux x86_64; rv:109.0) Gecko/20100101 Firefox/115.0"
203.0.113.42 - - [01/Jun/2024:15:02:33 +0000] "GET /search HTTP/1.1" 200 15700 "-" "Mozilla/5.0 (Windows NT 10.0; Win64; x64) AppleWebKit/537.36 Chrome/120.0.0.0 Safari/537.36"
10.0.0.12 - - [01/Jun/2024:15:03:18 +0000] "GET /blog HTTP/1.1" 200 13363 "-" "Mozilla/5.0 (Windows NT 10.0; Win64; x64) AppleWebKit/537.36 Chrome/120.0.0.0 Safari/537.36"
203.0.113.88 - - [01/Jun/2024:15:05:00 +0000] "GET /static/app.js HTTP/1.1" 200 1815 "-" "python-requests/2.31.0"
203.0.113.88 - - [01/Jun/2024:15:07:02 +0000] "GET /api/orders HTTP/1.1" 304 862 "-" "Mozilla/5.0 (X11; Linux x86_64; rv:109.0) Gecko/20100101 Firefox/115.0"
10.0.0.12 - - [01/Jun/2024:15:08:20 +0000] "GET /api/orders HTTP/1.1" 304 3418 "-" "Mozilla/5.0 (Macintosh; Intel Mac OS X 10_15_7) AppleWebKit/605.1.15 Safari/605.1.15"
10.0.0.12 - - [01/Jun/2024:15:08:55 +0000] "GET /blog/post-2 HTTP/1.1" 304 10714 "-" "Mozilla/5.0 (X11; Linux x86_64; rv:109.0) Gecko/20100101 Firefox/115.0"
198.51.100.23 - - [01/Jun/2024:15:10:42 +0000] "GET /about HTTP/1.1" 200 7126 "-" "Mozilla/5.0 (iPhone; CPU iPhone OS 17_0 like Mac OS X) AppleWebKit/605.1.15 Mobile/15E148"
172.16.0.55 - - [01/Jun/2024:15:12:47 +0000] "GET /profile HTTP/1.1" 304 2041 "-" "curl/7.88.1"
192.168.1.22 - - [01/Jun/2024:15:13:28 +0000] "GET /static/main.css HTTP/1.1" 200 13418 "-" "Mozilla/5.0 (Macintosh; Intel Mac OS X 10_15_7) AppleWebKit/605.1.15 Safari/605.1.15"
203.0.113.88 - - [01/Jun/2024:15:15:43 +0000] "GET /logout HTTP/1.1" 200 6516 "-" "Mozilla/5.0 (Macintosh; Intel Mac OS X 10_15_7) AppleWebKit/605.1.15 Safari/605.1.15"
10.0.0.5 - - [01/Jun/2024:15:15:58 +0000] "GET /index.html HTTP/1.1" 200 12008 "-" "python-requests/2.31.0"
10.0.0.12 - - [01/Jun/2024:15:16:49 +0000] "GET /static/logo.png HTTP/1.1" 304 16751 "-" "Mozilla/5.0 (iPhone; CPU iPhone OS 17_0 like Mac OS X) AppleWebKit/605.1.15 Mobile/15E148"
203.0.113.88 - - [01/Jun/2024:15:19:32 +0000] "GET /contact HTTP/1.1" 200 8127 "-" "Mozilla/5.0 (X11; Linux x86_64; rv:109.0) Gecko/20100101 Firefox/115.0"
198.51.100.23 - - [01/Jun/2024:15:21:38 +0000] "GET /blog/post-2 HTTP/1.1" 200 15751 "-" "curl/7.88.1"
172.16.0.3 - - [01/Jun/2024:15:24:00 +0000] "GET /static/logo.png HTTP/1.1" 200 8675 "-" "python-requests/2.31.0"
192.168.1.22 - - [01/Jun/2024:15:26:57 +0000] "GET /static/main.css HTTP/1.1" 200 1826 "-" "Mozilla/5.0 (Macintosh; Intel Mac OS X 10_15_7) AppleWebKit/605.1.15 Safari/605.1.15"
172.16.0.55 - - [01/Jun/2024:15:29:24 +0000] "GET /api/users HTTP/1.1" 304 7576 "-" "python-requests/2.31.0"
10.0.0.12 - - [01/Jun/2024:15:30:17 +0000] "GET /blog/post-1 HTTP/1.1" 200 491 "-" "Mozilla/5.0 (iPhone; CPU iPhone OS 17_0 like Mac OS X) AppleWebKit/605.1.15 Mobile/15E148"
203.0.113.42 - - [01/Jun/2024:15:30:51 +0000] "GET /dashboard HTTP/1.1" 200 477 "-" "Mozilla/5.0 (Macintosh; Intel Mac OS X 10_15_7) AppleWebKit/605.1.15 Safari/605.1.15"
198.51.100.23 - - [01/Jun/2024:15:31:56 +0000] "GET /static/main.css HTTP/1.1" 200 9223 "-" "Mozilla/5.0 (iPhone; CPU iPhone OS 17_0 like Mac OS X) AppleWebKit/605.1.15 Mobile/15E148"
192.168.1.77 - - [01/Jun/2024:15:33:33 +0000] "GET /static/logo.png HTTP/1.1" 200 7350 "-" "Mozilla/5.0 (iPhone; CPU iPhone OS 17_0 like Mac OS X) AppleWebKit/605.1.15 Mobile/15E148"
203.0.113.42 - - [01/Jun/2024:15:34:51 +0000] "GET /profile HTTP/1.1" 304 13213 "-" "curl/7.88.1"
192.168.1.10 - - [01/Jun/2024:15:35:18 +0000] "GET /profile HTTP/1.1" 500 12462 "-" "curl/7.88.1"
198.51.100.23 - - [01/Jun/2024:15:38:04 +0000] "GET /register HTTP/1.1" 200 3742 "-" "Mozilla/5.0 (iPhone; CPU iPhone OS 17_0 like Mac OS X) AppleWebKit/605.1.15 Mobile/15E148"
172.16.0.3 - - [01/Jun/2024:15:38:21 +0000] "GET /api/orders HTTP/1.1" 200 9272 "-" "Mozilla/5.0 (X11; Linux x86_64; rv:109.0) Gecko/20100101 Firefox/115.0"
10.0.0.99 - - [01/Jun/2024:15:41:09 +0000] "GET /static/main.css HTTP/1.1" 200 17150 "-" "Mozilla/5.0 (Macintosh; Intel Mac OS X 10_15_7) AppleWebKit/605.1.15 Safari/605.1.15"
172.16.0.55 - - [01/Jun/2024:15:41:24 +0000] "GET /register HTTP/1.1" 200 10672 "-" "python-requests/2.31.0"
10.0.0.99 - - [01/Jun/2024:15:42:00 +0000] "GET / HTTP/1.1" 200 9886 "-" "Mozilla/5.0 (X11; Linux x86_64; rv:109.0) Gecko/20100101 Firefox/115.0"
172.16.0.8 - - [01/Jun/2024:15:43:48 +0000] "GET /blog HTTP/1.1" 301 19304 "-" "python-requests/2.31.0"
192.168.1.77 - - [01/Jun/2024:15:46:15 +0000] "GET /api/users HTTP/1.1" 200 7486 "-" "python-requests/2.31.0"
203.0.113.42 - - [01/Jun/2024:15:48:32 +0000] "GET /search HTTP/1.1" 304 11947 "-" "curl/7.88.1"
192.168.1.77 - - [01/Jun/2024:15:49:49 +0000] "GET /dashboard HTTP/1.1" 304 18492 "-" "Mozilla/5.0 (Macintosh; Intel Mac OS X 10_15_7) AppleWebKit/605.1.15 Safari/605.1.15"
192.168.1.22 - - [01/Jun/2024:15:51:05 +0000] "GET /search HTTP/1.1" 200 8675 "-" "python-requests/2.31.0"
172.16.0.55 - - [01/Jun/2024:15:53:29 +0000] "GET /dashboard HTTP/1.1" 404 11198 "-" "python-requests/2.31.0"
10.0.0.5 - - [01/Jun/2024:15:53:52 +0000] "GET /static/logo.png HTTP/1.1" 200 10262 "-" "Mozilla/5.0 (iPhone; CPU iPhone OS 17_0 like Mac OS X) AppleWebKit/605.1.15 Mobile/15E148"
172.16.0.3 - - [01/Jun/2024:15:55:17 +0000] "GET /api/orders HTTP/1.1" 200 15396 "-" "Mozilla/5.0 (Windows NT 10.0; Win64; x64) AppleWebKit/537.36 Chrome/120.0.0.0 Safari/537.36"
192.168.1.10 - - [01/Jun/2024:15:57:18 +0000] "GET /logout HTTP/1.1" 200 2533 "-" "Mozilla/5.0 (iPhone; CPU iPhone OS 17_0 like Mac OS X) AppleWebKit/605.1.15 Mobile/15E148"
198.51.100.7 - - [01/Jun/2024:15:58:08 +0000] "GET /contact HTTP/1.1" 304 12706 "-" "curl/7.88.1"
172.16.0.8 - - [01/Jun/2024:15:59:25 +0000] "GET /index.html HTTP/1.1" 304 5140 "-" "Mozilla/5.0 (Macintosh; Intel Mac OS X 10_15_7) AppleWebKit/605.1.15 Safari/605.1.15"
172.16.0.3 - - [01/Jun/2024:16:00:17 +0000] "GET /blog/post-1 HTTP/1.1" 500 15193 "-" "Mozilla/5.0 (Macintosh; Intel Mac OS X 10_15_7) AppleWebKit/605.1.15 Safari/605.1.15"
192.168.1.77 - - [01/Jun/2024:16:01:38 +0000] "GET /dashboard HTTP/1.1" 304 16177 "-" "Mozilla/5.0 (X11; Linux x86_64; rv:109.0) Gecko/20100101 Firefox/115.0"
192.168.1.45 - - [01/Jun/2024:16:04:20 +0000] "GET /static/app.js HTTP/1.1" 200 354 "-" "Mozilla/5.0 (iPhone; CPU iPhone OS 17_0 like Mac OS X) AppleWebKit/605.1.15 Mobile/15E148"
10.0.0.5 - - [01/Jun/2024:16:05:31 +0000] "GET /dashboard HTTP/1.1" 200 5391 "-" "Mozilla/5.0 (iPhone; CPU iPhone OS 17_0 like Mac OS X) AppleWebKit/605.1.15 Mobile/15E148"
192.168.1.45 - - [01/Jun/2024:16:05:54 +0000] "GET /register HTTP/1.1" 200 14270 "-" "Mozilla/5.0 (iPhone; CPU iPhone OS 17_0 like Mac OS X) AppleWebKit/605.1.15 Mobile/15E148"
203.0.113.15 - - [01/Jun/2024:16:07:44 +0000] "GET /blog HTTP/1.1" 200 17690 "-" "Mozilla/5.0 (Macintosh; Intel Mac OS X 10_15_7) AppleWebKit/605.1.15 Safari/605.1.15"
192.168.1.10 - - [01/Jun/2024:16:09:20 +0000] "GET /static/app.js HTTP/1.1" 301 17600 "-" "Mozilla/5.0 (Macintosh; Intel Mac OS X 10_15_7) AppleWebKit/605.1.15 Safari/605.1.15"
203.0.113.42 - - [01/Jun/2024:16:09:25 +0000] "GET / HTTP/1.1" 200 8353 "-" "Mozilla/5.0 (Macintosh; Intel Mac OS X 10_15_7) AppleWebKit/605.1.15 Safari/605.1.15"
203.0.113.88 - - [01/Jun/2024:16:12:23 +0000] "GET /static/logo.png HTTP/1.1" 200 3565 "-" "Mozilla/5.0 (iPhone; CPU iPhone OS 17_0 like Mac OS X) AppleWebKit/605.1.15 Mobile/15E148"