172.16.0.55 - - [01/Jun/2024:05:00:35 +0000] "POST /register HTTP/1.1" 304 6128 "-" "Mozilla/5.0 (Windows NT 10.0; Win64; x64) AppleWebKit/537.36 Chrome/120.0.0.0 Safari/537.36"
192.168.1.77 - - [01/Jun/2024:05:01:31 +0000] "GET /contact HTTP/1.1" 200 9848 "-" "Mozilla/5.0 (iPhone; CPU iPhone OS 17_0 like Mac OS X) AppleWebKit/605.1.15 Mobile/15E148"
192.168.1.22 - - [01/Jun/2024:05:02:39 +0000] "GET /blog HTTP/1.1" 304 12419 "-" "Mozilla/5.0 (X11; Linux x86_64; rv:109.0) Gecko/20100101 Firefox/115.0"
172.16.0.3 - - [01/Jun/2024:05:03:08 +0000] "GET /dashboard HTTP/1.1" 200 10574 "-" "Mozilla/5.0 (Windows NT 10.0; Win64; x64) AppleWebKit/537.36 Chrome/120.0.0.0 Safari/537.36"
198.51.100.7 - - [01/Jun/2024:05:04:16 +0000] "GET /api/users HTTP/1.1" 304 5924 "-" "Mozilla/5.0 (X11; Linux x86_64; rv:109.0) Gecko/20100101 Firefox/115.0"
192.168.1.77 - - [01/Jun/2024:05:05:50 +0000] "GET /login HTTP/1.1" 200 4393 "-" "Mozilla/5.0 (Macintosh; Intel Mac OS X 10_15_7) AppleWebKit/605.1.15 Safari/605.1.15"
198.51.100.23 - - [01/Jun/2024:05:06:13 +0000] "GET /login HTTP/1.1" 200 12862 "-" "python-requests/2.31.0"
203.0.113.15 - - [01/Jun/2024:05:07:17 +0000] "GET /logout HTTP/1.1" 301 7554 "-" "python-requests/2.31.0"
203.0.113.88 - - [01/Jun/2024:05:09:16 +0000] "GET /logout HTTP/1.1" 200 10432 "-" "Mozilla/5.0 (X11; Linux x86_64; rv:109.0) Gecko/20100101 Firefox/115.0"
203.0.113.42 - - [01/Jun/2024:05:11:07 +0000] "GET /static/app.js HTTP/1.1" 200 1318 "-" "Mozilla/5.0 (iPhone; CPU iPhone OS 17_0 like Mac OS X) AppleWebKit/605.1.15 Mobile/15E148"
203.0.113.42 - - [01/Jun/2024:05:12:04 +0000] "GET /static/main.css HTTP/1.1" 301 9889 "-" "Mozilla/5.0 (Windows NT 10.0; Win64; x64) AppleWebKit/537.36 Chrome/120.0.0.0 Safari/537.36"
198.51.100.7 - - [01/Jun/2024:05:12:50 +0000] "GET /about HTTP/1.1" 200 7604 "-" "Mozilla/5.0 (Windows NT 10.0; Win64; x64) AppleWebKit/537.36 Chrome/120.0.0.0 Safari/537.36"
172.16.0.3 - - [01/Jun/2024:05:12:58 +0000] "GET /static/main.css HTTP/1.1" 200 14359 "-" "Mozilla/5.0 (Windows NT 10.0; Win64; x64) AppleWebKit/537.36 Chrome/120.0.0.0 Safari/537.36"
198.51.100.23 - - [01/Jun/2024:05:14:17 +0000] "GET /profile HTTP/1.1" 200 9708 "-" "curl/7.88.1"
10.0.0.99 - - [01/Jun/2024:05:15:59 +0000] "GET /index.html HTTP/1.1" 200 13468 "-" "curl/7.88.1"
10.0.0.5 - - [01/Jun/2024:05:17:23 +0000] "GET /static/app.js HTTP/1.1" 200 8414 "-" "Mozilla/5.0 (Macintosh; Intel Mac OS X 10_15_7) AppleWebKit/605.1.15 Safari/605.1.15"
203.0.113.15 - - [01/Jun/2024:05:17:31 +0000] "GET /contact HTTP/1.1" 304 13919 "-" "Mozilla/5.0 (X11; Linux x86_64; rv:109.0) Gecko/20100101 Firefox/115.0"
192.168.1.22 - - [01/Jun/2024:05:19:03 +0000] "GET /profile HTTP/1.1" 200 841 "-" "Mozilla/5.0 (Macintosh; Intel Mac OS X 10_15_7) AppleWebKit/605.1.15 Safari/605.1.15"
203.0.113.15 - - [01/Jun/2024:05:20:34 +0000] "GET /blog/post-2 HTTP/1.1" 200 10191 "-" "Mozilla/5.0 (Macintosh; Intel Mac OS X 10_15_7) AppleWebKit/605.1.15 Safari/605.1.15"
172.16.0.3 - - [01/Jun/2024:05:21:21 +0000] "GET /static/main.css HTTP/1.1" 200 12888 "-" "Mozilla/5.0 (X11; Linux x86_64; rv:109.0) Gecko/20100101 Firefox/115.0"
198.51.100.23 - - [01/Jun/2024:05:22:48 +0000] "GET /index.html HTTP/1.1" 301 10805 "-" "Mozilla/5.0 (X11; Linux x86_64; rv:109.0) Gecko/20100101 Firefox/115.0"
172.16.0.3 - - [01/Jun/2024:05:22:57 +0000] "GET /contact HTTP/1.1" 200 6533 "-" "Mozilla/5.0 (X11; Linux x86_64; rv:109.0) Gecko/20100101 Firefox/115.0"
10.0.0.99 - - [01/Jun/2024:05:23:30 +0000] "GET /register HTTP/1.1" 200 9747 "-" "python-requests/2.31.0"
203.0.113.88 - - [01/Jun/2024:05:23:49 +0000] "GET /static/logo.png HTTP/1.1" 200 10948 "-" "python-requests/2.31.0"
172.16.0.8 - - [01/Jun/2024:05:25:14 +0000] "GET /login HTTP/1.1" 200 6371 "-" "python-requests/2.31.0"
172.16.0.3 - - [01/Jun/2024:05:26:56 +0000] "GET /login HTTP/1.1" 200 7137 "-" "curl/7.88.1"
192.168.1.10 - - [01/Jun/2024:05:27:43 +0000] "GET /static/logo.png HTTP/1.1" 200 3709 "-" "Mozilla/5.0 (X11; Linux x86_64; rv:109.0) Gecko/20100101 Firefox/115.0"
203.0.113.15 - - [01/Jun/2024:05:29:22 +0000] "GET /api/users HTTP/1.1" 200 2453 "-" "Mozilla/5.0 (Macintosh; Intel Mac OS X 10_15_7) AppleWebKit/605.1.15 Safari/605.1.15"
10.0.0.12 - - [01/Jun/2024:05:29:32 +0000] "GET /contact HTTP/1.1" 200 9043 "-" "python-requests/2.31.0"
198.51.100.7 - - [01/Jun/2024:05:31:26 +0000] "GET /index.html HTTP/1.1" 200 14558 "-" "curl/7.88.1"
198.51.100.23 - - [01/Jun/2024:05:31:43 +0000] "GET /blog HTTP/1.1" 200 3162 "-" "python-requests/2.31.0"
198.51.100.23 - - [01/Jun/2024:05:33:22 +0000] "GET /dashboard HTTP/1.1" 200 915 "-" "Mozilla/5.0 (iPhone; CPU iPhone OS 17_0 like Mac OS X) AppleWebKit/605.1.15 Mobile/15E148"
203.0.113.42 - - [01/Jun/2024:05:34:09 +0000] "GET /api/products HTTP/1.1" 404 10203 "-" "Mozilla/5.0 (X11; Linux x86_64; rv:109.0) Gecko/20100101 Firefox/115.0"
10.0.0.99 - - [01/Jun/2024:05:35:46 +0000] "GET /blog/post-2 HTTP/1.1" 200 4118 "-" "Mozilla/5.0 (X11; Linux x86_64; rv:109.0) Gecko/20100101 Firefox/115.0"
172.16.0.55 - - [01/Jun/2024:05:37:30 +0000] "GET /search HTTP/1.1" 304 3378 "-" "Mozilla/5.0 (X11; Linux x86_64; rv:109.0) Gecko/20100101 Firefox/115.0"
198.51.100.23 - - [01/Jun/2024:05:38:57 +0000] "GET /blog/post-2 HTTP/1.1" 200 4816 "-" "Mozilla/5.0 (iPhone; CPU iPhone OS 17_0 like Mac OS X) AppleWebKit/605.1.15 Mobile/15E148"
198.51.100.7 - - [01/Jun/2024:05:40:02 +0000] "GET /blog/post-1 HTTP/1.1" 404 13583 "-" "Mozilla/5.0 (Macintosh; Intel Mac OS X 10_15_7) AppleWebKit/605.1.15 Safari/605.1.15"
198.51.100.23 - - [01/Jun/2024:05:41:45 +0000] "POST /login HTTP/1.1" 200 8073 "-" "Mozilla/5.0 (X11; Linux x86_64; rv:109.0) Gecko/20100101 Firefox/115.0"
203.0.113.88 - - [01/Jun/2024:05:42:56 +0000] "GET /contact HTTP/1.1" 200 8652 "-" "Mozilla/5.0 (Windows NT 10.0; Win64; x64) AppleWebKit/537.36 Chrome/120.0.0.0 Safari/537.36"
192.168.1.22 - - [01/Jun/2024:05:43:33 +0000] "GET /dashboard HTTP/1.1" 200 8610 "-" "Mozilla/5.0 (Macintosh; Intel Mac OS X 10_15_7) AppleWebKit/605.1.15 Safari/605.1.15"
172.16.0.8 - - [01/Jun/2024:05:45:20 +0000] "GET /about HTTP/1.1" 304 3837 "-" "Mozilla/5.0 (iPhone; CPU iPhone OS 17_0 like Mac OS X) AppleWebKit/605.1.15 Mobile/15E148"
172.16.0.3 - - [01/Jun/2024:05:47:14 +0000] "GET / HTTP/1.1" 200 6695 "-" "curl/7.88.1"
10.0.0.5 - - [01/Jun/2024:05:48:02 +0000] "GET /blog HTTP/1.1" 404 6342 "-" "Mozilla/5.0 (Macintosh; Intel Mac OS X 10_15_7) AppleWebKit/605.1.15 Safari/605.1.15"
172.16.0.3 - - [01/Jun/2024:05:48:06 +0000] "GET /contact HTTP/1.1" 304 10848 "-" "Mozilla/5.0 (X11; Linux x86_64; rv:109.0) Gecko/20100101 Firefox/115.0"
192.168.1.45 - - [01/Jun/2024:05:49:48 +0000] "GET /login HTTP/1.1" 200 13794 "-" "Mozilla/5.0 (iPhone; CPU iPhone OS 17_0 like Mac OS X) AppleWebKit/605.1.15 Mobile/15E148"
192.168.1.77 - - [01/Jun/2024:05:51:18 +0000] "POST /login HTTP/1.1" 200 286 "-" "Mozilla/5.0 (Windows NT 10.0; Win64; x64) AppleWebKit/537.36 Chrome/120.0.0.0 Safari/537.36"
10.0.0.12 - - [01/Jun/2024:05:51:21 +0000] "GET /api/users HTTP/1.1" 304 9191 "-" "python-requests/2.31.0"
198.51.100.7 - - [01/Jun/2024:05:52:39 +0000] "GET /blog/post-1 HTTP/1.1" 200 4920 "-" "Mozilla/5.0 (Macintosh; Intel Mac OS X 10_15_7) AppleWebKit/605.1.15 Safari/605.1.15"
192.168.1.22 - - [01/Jun/2024:05:53:18 +0000] "GET /index.html HTTP/1.1" 200 10668 "-" "curl/7.88.1"
192.168.1.22 - - [01/Jun/2024:05:54:17 +0000] "GET /contact HTTP/1.1" 304 8389 "-" "curl/7.88.1"
192.168.1.10 - - [01/Jun/2024:05:55:26 +0000] "GET /profile HTTP/1.1" 200 11972 "-" "Mozilla/5.0 (Macintosh; Intel Mac OS X 10_15_7) AppleWebKit/605.1.15 Safari/605.1.15"
172.16.0.8 - - [01/Jun/2024:05:56:04 +0000] "GET / HTTP/1.1" 200 4141 "-" "curl/7.88.1"
192.168.1.45 - - [01/Jun/2024:05:56:58 +0000] "GET /about HTTP/1.1" 200 6108 "-" "Mozilla/5.0 (Windows NT 10.0; Win64; x64) AppleWebKit/537.36 Chrome/120.0.0.0 Safari/537.36"
198.51.100.7 - - [01/Jun/2024:05:58:06 +0000] "GET /profile HTTP/1.1" 301 8516 "-" "curl/7.88.1"
172.16.0.8 - - [01/Jun/2024:05:58:09 +0000] "GET /search HTTP/1.1" 200 6538 "-" "Mozilla/5.0 (X11; Linux x86_64; rv:109.0) Gecko/20100101 Firefox/115.0"
10.0.0.99 - - [01/Jun/2024:05:58:42 +0000] "GET / HTTP/1.1" 200 1306 "-" "Mozilla/5.0 (X11; Linux x86_64; rv:109.0) Gecko/20100101 Firefox/115.0"
10.0.0.99 - - [01/Jun/2024:05:59:13 +0000] "GET /contact HTTP/1.1" 301 12245 "-" "Mozilla/5.0 (X11; Linux x86_64; rv:109.0) Gecko/20100101 Firefox/115.0"
192.168.1.10 - - [01/Jun/2024:05:59:31 +0000] "GET /static/logo.png HTTP/1.1" 200 13528 "-" "python-requests/2.31.0"
192.168.1.77 - - [01/Jun/2024:05:59:54 +0000] "GET /blog/post-2 HTTP/1.1" 404 8040 "-" "python-requests/2.31.0"
172.16.0.55 - - [01/Jun/2024:06:00:18 +0000] "GET /login HTTP/1.1" 200 7698 "-" "Mozilla/5.0 (Windows NT 10.0; Win64; x64) AppleWebKit/537.36 Chrome/120.0.0.0 Safari/537.36"
10.0.0.5 - - [01/Jun/2024:06:00:56 +0000] "GET /index.html HTTP/1.1" 301 14712 "-" "Mozilla/5.0 (Windows NT 10.0; Win64; x64) AppleWebKit/537.36 Chrome/120.0.0.0 Safari/537.36"
203.0.113.88 - - [01/Jun/2024:06:01:37 +0000] "GET /static/main.css HTTP/1.1" 200 13559 "-" "curl/7.88.1"
10.0.0.12 - - [01/Jun/2024:06:02:38 +0000] "GET /index.html HTTP/1.1" 301 3331 "-" "Mozilla/5.0 (X11; Linux x86_64; rv:109.0) Gecko/20100101 Firefox/115.0"
192.168.1.77 - - [01/Jun/2024:06:03:24 +0000] "GET /index.html HTTP/1.1" 304 5638 "-" "Mozilla/5.0 (X11; Linux x86_64; rv:109.0) Gecko/20100101 Firefox/115.0"
172.16.0.55 - - [01/Jun/2024:06:03:40 +0000] "GET /static/logo.png HTTP/1.1" 200 6753 "-" "python-requests/2.31.0"
203.0.113.88 - - [01/Jun/2024:06:04:37 +0000] "GET /blog HTTP/1.1" 200 3260 "-" "Mozilla/5.0 (iPhone; CPU iPhone OS 17_0 like Mac OS X) AppleWebKit/605.1.15 Mobile/15E148"
203.0.113.15 - - [01/Jun/2024:06:06:06 +0000] "GET /static/logo.png HTTP/1.1" 304 8707 "-" "Mozilla/5.0 (X11; Linux x86_64; rv:109.0) Gecko/20100101 Firefox/115.0"
192.168.1.22 - - [01/Jun/2024:06:07:49 +0000] "GET /blog/post-1 HTTP/1.1" 200 10070 "-" "Mozilla/5.0 (Macintosh; Intel Mac OS X 10_15_7) AppleWebKit/605.1.15 Safari/605.1.15"
10.0.0.12 - - [01/Jun/2024:06:08:59 +0000] "GET /static/app.js HTTP/1.1" 200 5572 "-" "python-requests/2.31.0"
10.0.0.12 - - [01/Jun/2024:06:09:37 +0000] "GET /blog/post-2 HTTP/1.1" 200 7181 "-" "Mozilla/5.0 (Macintosh; Intel Mac OS X 10_15_7) AppleWebKit/605.1.15 Safari/605.1.15"
203.0.113.15 - - [01/Jun/2024:06:11:06 +0000] "GET /static/logo.png HTTP/1.1" 200 12108 "-" "Mozilla/5.0 (X11; Linux x86_64; rv:109.0) Gecko/20100101 Firefox/115.0"
172.16.0.8 - - [01/Jun/2024:06:12:25 +0000] "GET /api/orders HTTP/1.1" 200 10645 "-" "Mozilla/5.0 (iPhone; CPU iPhone OS 17_0 like Mac OS X) AppleWebKit/605.1.15 Mobile/15E148"
198.51.100.7 - - [01/Jun/2024:06:13:12 +0000] "GET /dashboard HTTP/1.1" 404 2539 "-" "curl/7.88.1"
172.16.0.55 - - [01/Jun/2024:06:14:39 +0000] "GET /blog/post-2 HTTP/1.1" 200 1301 "-" "Mozilla/5.0 (Macintosh; Intel Mac OS X 10_15_7) AppleWebKit/605.1.15 Safari/605.1.15"
203.0.113.42 - - [01/Jun/2024:06:16:19 +0000] "GET /static/logo.png HTTP/1.1" 200 9493 "-" "Mozilla/5.0 (Windows NT 10.0; Win64; x64) AppleWebKit/537.36 Chrome/120.0.0.0 Safari/537.36"
192.168.1.45 - - [01/Jun/2024:06:17:37 +0000] "GET /blog/post-2 HTTP/1.1" 304 6295 "-" "Mozilla/5.0 (iPhone; CPU iPhone OS 17_0 like Mac OS X) AppleWebKit/605.1.15 Mobile/15E148"
192.168.1.22 - - [01/Jun/2024:06:19:15 +0000] "GET /logout HTTP/1.1" 200 6212 "-" "Mozilla/5.0 (iPhone; CPU iPhone OS 17_0 like Mac OS X) AppleWebKit/605.1.15 Mobile/15E148"
203.0.113.42 - - [01/Jun/2024:06:19:56 +0000] "GET /api/orders HTTP/1.1" 404 624 "-" "python-requests/2.31.0"
203.0.113.15 - - [01/Jun/2024:06:20:20 +0000] "GET /profile HTTP/1.1" 200 9402 "-" "Mozilla/5.0 (Windows NT 10.0; Win64; x64) AppleWebKit/537.36 Chrome/120.0.0.0 Safari/537.36"
172.16.0.55 - - [01/Jun/2024:06:20:54 +0000] "POST /api/orders HTTP/1.1" 200 10224 "-" "Mozilla/5.0 (X11; Linux x86_64; rv:109.0) Gecko/20100101 Firefox/115.0"
203.0.113.88 - - [01/Jun/2024:06:22:23 +0000] "GET /search HTTP/1.1" 200 2423 "-" "Mozilla/5.0 (Windows NT 10.0; Win64; x64) AppleWebKit/537.36 Chrome/120.0.0.0 Safari/537.36"
192.168.1.45 - - [01/Jun/2024:06:23:21 +0000] "GET /blog/post-2 HTTP/1.1" 404 13479 "-" "python-requests/2.31.0"
172.16.0.3 - - [01/Jun/2024:06:25:10 +0000] "GET /static/logo.png HTTP/1.1" 200 9211 "-" "curl/7.88.1"
203.0.113.88 - - [01/Jun/2024:06:25:48 +0000] "GET /static/main.css HTTP/1.1" 304 11862 "-" "python-requests/2.31.0"
10.0.0.99 - - [01/Jun/2024:06:27:47 +0000] "GET /dashboard HTTP/1.1" 301 8535 "-" "Mozilla/5.0 (Macintosh; Intel Mac OS X 10_15_7) AppleWebKit/605.1.15 Safari/605.1.15"
10.0.0.5 - - [01/Jun/2024:06:28:03 +0000] "GET /login HTTP/1.1" 301 630 "-" "Mozilla/5.0 (X11; Linux x86_64; rv:109.0) Gecko/20100101 Firefox/115.0"
198.51.100.23 - - [01/Jun/2024:06:29:14 +0000] "GET /static/logo.png HTTP/1.1" 200 9238 "-" "Mozilla/5.0 (Macintosh; Intel Mac OS X 10_15_7) AppleWebKit/605.1.15 Safari/605.1.15"
203.0.113.88 - - [01/Jun/2024:06:30:33 +0000] "GET /about HTTP/1.1" 200 6723 "-" "python-requests/2.31.0"
203.0.113.15 - - [01/Jun/2024:06:32:06 +0000] "GET /profile HTTP/1.1" 200 6908 "-" "curl/7.88.1"
192.168.1.45 - - [01/Jun/2024:06:32:16 +0000] "GET /static/app.js HTTP/1.1" 200 7572 "-" "Mozilla/5.0 (iPhone; CPU iPhone OS 17_0 like Mac OS X) AppleWebKit/605.1.15 Mobile/15E148"
198.51.100.7 - - [01/Jun/2024:06:33:44 +0000] "GET /static/logo.png HTTP/1.1" 200 13783 "-" "curl/7.88.1"
198.51.100.23 - - [01/Jun/2024:06:35:06 +0000] "GET /dashboard HTTP/1.1" 301 2314 "-" "Mozilla/5.0 (iPhone; CPU iPhone OS 17_0 like Mac OS X) AppleWebKit/605.1.15 Mobile/15E148"
203.0.113.88 - - [01/Jun/2024:06:36:11 +0000] "GET /index.html HTTP/1.1" 304 8688 "-" "Mozilla/5.0 (Macintosh; Intel Mac OS X 10_15_7) AppleWebKit/605.1.15 Safari/605.1.15"
192.168.1.45 - - [01/Jun/2024:06:36:50 +0000] "GET /dashboard HTTP/1.1" 200 11821 "-" "Mozilla/5.0 (Macintosh; Intel Mac OS X 10_15_7) AppleWebKit/605.1.15 Safari/605.1.15"
198.51.100.7 - - [01/Jun/2024:06:37:35 +0000] "GET /static/main.css HTTP/1.1" 304 4305 "-" "Mozilla/5.0 (Macintosh; Intel Mac OS X 10_15_7) AppleWebKit/605.1.15 Safari/605.1.15"
198.51.100.7 - - [01/Jun/2024:06:38:57 +0000] "GET /api/orders HTTP/1.1" 200 10266 "-" "curl/7.88.1"
198.51.100.7 - - [01/Jun/2024:06:39:09 +0000] "GET /dashboard HTTP/1.1" 200 9713 "-" "Mozilla/5.0 (Macintosh; Intel Mac OS X 10_15_7) AppleWebKit/605.1.15 Safari/605.1.15"
203.0.113.42 - - [01/Jun/2024:06:39:31 +0000] "POST /register HTTP/1.1" 304 9434 "-" "Mozilla/5.0 (Windows NT 10.0; Win64; x64) AppleWebKit/537.36 Chrome/120.0.0.0 Safari/537.36"
192.168.1.77 - - [01/Jun/2024:06:41:17 +0000] "GET / HTTP/1.1" 200 10709 "-" "curl/7.88.1"
203.0.113.42 - - [01/Jun/2024:06:41:51 +0000] "GET /api/users HTTP/1.1" 301 7025 "-" "curl/7.88.1"
192.168.1.10 - - [01/Jun/2024:06:43:13 +0000] "GET /search HTTP/1.1" 304 9138 "-" "Mozilla/5.0 (X11; Linux x86_64; rv:109.0) Gecko/20100101 Firefox/115.0"
10.0.0.12 - - [01/Jun/2024:06:44:36 +0000] "GET /search HTTP/1.1" 200 13427 "-" "python-requests/2.31.0"
10.0.0.12 - - [01/Jun/2024:06:45:28 +0000] "GET /blog/post-2 HTTP/1.1" 200 1181 "-" "Mozilla/5.0 (Macintosh; Intel Mac OS X 10_15_7) AppleWebKit/605.1.15 Safari/605.1.15"
194.165.16.11 - - [01/Jun/2024:06:45:29 +0000] "GET /admin HTTP/1.1" 403 512 "-" "Mozilla/5.0 (X11; Linux x86_64; rv:109.0) Gecko/20100101 Firefox/115.0"
194.165.16.11 - - [01/Jun/2024:06:45:56 +0000] "GET /admin HTTP/1.1" 403 512 "-" "Mozilla/5.0 (X11; Linux x86_64; rv:109.0) Gecko/20100101 Firefox/115.0"
194.165.16.11 - - [01/Jun/2024:06:46:13 +0000] "GET /admin HTTP/1.1" 403 512 "-" "Mozilla/5.0 (X11; Linux x86_64; rv:109.0) Gecko/20100101 Firefox/115.0"
194.165.16.11 - - [01/Jun/2024:06:46:20 +0000] "GET /admin HTTP/1.1" 403 512 "-" "Mozilla/5.0 (X11; Linux x86_64; rv:109.0) Gecko/20100101 Firefox/115.0"
172.16.0.8 - - [01/Jun/2024:06:46:25 +0000] "GET /search HTTP/1.1" 200 5773 "-" "curl/7.88.1"
194.165.16.11 - - [01/Jun/2024:06:46:34 +0000] "GET /admin HTTP/1.1" 403 512 "-" "Mozilla/5.0 (X11; Linux x86_64; rv:109.0) Gecko/20100101 Firefox/115.0"
172.16.0.3 - - [01/Jun/2024:06:46:44 +0000] "GET /static/app.js HTTP/1.1" 200 14302 "-" "Mozilla/5.0 (X11; Linux x86_64; rv:109.0) Gecko/20100101 Firefox/115.0"
194.165.16.11 - - [01/Jun/2024:06:46:44 +0000] "GET /admin HTTP/1.1" 403 512 "-" "Mozilla/5.0 (X11; Linux x86_64; rv:109.0) Gecko/20100101 Firefox/115.0"
194.165.16.11 - - [01/Jun/2024:06:47:07 +0000] "GET /admin HTTP/1.1" 403 512 "-" "Mozilla/5.0 (X11; Linux x86_64; rv:109.0) Gecko/20100101 Firefox/115.0"
194.165.16.11 - - [01/Jun/2024:06:47:19 +0000] "GET /admin HTTP/1.1" 403 512 "-" "Mozilla/5.0 (X11; Linux x86_64; rv:109.0) Gecko/20100101 Firefox/115.0"
192.168.1.45 - - [01/Jun/2024:06:47:36 +0000] "GET /static/logo.png HTTP/1.1" 200 1939 "-" "Mozilla/5.0 (X11; Linux x86_64; rv:109.0) Gecko/20100101 Firefox/115.0"
194.165.16.11 - - [01/Jun/2024:06:47:42 +0000] "GET /admin HTTP/1.1" 403 512 "-" "Mozilla/5.0 (X11; Linux x86_64; rv:109.0) Gecko/20100101 Firefox/115.0"
194.165.16.11 - - [01/Jun/2024:06:47:59 +0000] "GET /admin HTTP/1.1" 403 512 "-" "Mozilla/5.0 (X11; Linux x86_64; rv:109.0) Gecko/20100101 Firefox/115.0"
203.0.113.15 - - [01/Jun/2024:06:48:07 +0000] "GET /contact HTTP/1.1" 200 4261 "-" "Mozilla/5.0 (Macintosh; Intel Mac OS X 10_15_7) AppleWebKit/605.1.15 Safari/605.1.15"
192.168.1.10 - - [01/Jun/2024:06:48:20 +0000] "GET /static/main.css HTTP/1.1" 304 14358 "-" "curl/7.88.1"
194.165.16.11 - - [01/Jun/2024:06:48:25 +0000] "GET /admin HTTP/1.1" 403 512 "-" "Mozilla/5.0 (X11; Linux x86_64; rv:109.0) Gecko/20100101 Firefox/115.0"
194.165.16.11 - - [01/Jun/2024:06:48:47 +0000] "GET /admin HTTP/1.1" 403 512 "-" "Mozilla/5.0 (X11; Linux x86_64; rv:109.0) Gecko/20100101 Firefox/115.0"
194.165.16.11 - - [01/Jun/2024:06:49:02 +0000] "GET /admin HTTP/1.1" 403 512 "-" "Mozilla/5.0 (X11; Linux x86_64; rv:109.0) Gecko/20100101 Firefox/115.0"
10.0.0.5 - - [01/Jun/2024:06:49:14 +0000] "GET /dashboard HTTP/1.1" 304 9664 "-" "python-requests/2.31.0"
194.165.16.11 - - [01/Jun/2024:06:49:19 +0000] "GET /admin HTTP/1.1" 403 512 "-" "Mozilla/5.0 (X11; Linux x86_64; rv:109.0) Gecko/20100101 Firefox/115.0"
194.165.16.11 - - [01/Jun/2024:06:49:48 +0000] "GET /admin HTTP/1.1" 403 512 "-" "Mozilla/5.0 (X11; Linux x86_64; rv:109.0) Gecko/20100101 Firefox/115.0"
10.0.0.5 - - [01/Jun/2024:06:49:55 +0000] "GET /dashboard HTTP/1.1" 200 8633 "-" "Mozilla/5.0 (iPhone; CPU iPhone OS 17_0 like Mac OS X) AppleWebKit/605.1.15 Mobile/15E148"
203.0.113.88 - - [01/Jun/2024:06:50:59 +0000] "GET /static/main.css HTTP/1.1" 200 1675 "-" "Mozilla/5.0 (iPhone; CPU iPhone OS 17_0 like Mac OS X) AppleWebKit/605.1.15 Mobile/15E148"
203.0.113.15 - - [01/Jun/2024:06:52:04 +0000] "GET /api/products HTTP/1.1" 200 5981 "-" "Mozilla/5.0 (Windows NT 10.0; Win64; x64) AppleWebKit/537.36 Chrome/120.0.0.0 Safari/537.36"
10.0.0.12 - - [01/Jun/2024:06:52:11 +0000] "GET /search HTTP/1.1" 200 14009 "-" "python-requests/2.31.0"
203.0.113.15 - - [01/Jun/2024:06:53:38 +0000] "GET /static/main.css HTTP/1.1" 200 14080 "-" "Mozilla/5.0 (Windows NT 10.0; Win64; x64) AppleWebKit/537.36 Chrome/120.0.0.0 Safari/537.36"
192.168.1.45 - - [01/Jun/2024:06:54:34 +0000] "POST /api/orders HTTP/1.1" 301 6195 "-" "Mozilla/5.0 (Windows NT 10.0; Win64; x64) AppleWebKit/537.36 Chrome/120.0.0.0 Safari/537.36"
192.168.1.10 - - [01/Jun/2024:06:55:26 +0000] "GET /logout HTTP/1.1" 200 6139 "-" "curl/7.88.1"
192.168.1.22 - - [01/Jun/2024:06:56:03 +0000] "GET /blog HTTP/1.1" 200 12723 "-" "curl/7.88.1"
192.168.1.77 - - [01/Jun/2024:06:56:39 +0000] "GET /register HTTP/1.1" 200 1784 "-" "Mozilla/5.0 (iPhone; CPU iPhone OS 17_0 like Mac OS X) AppleWebKit/605.1.15 Mobile/15E148"
172.16.0.55 - - [01/Jun/2024:06:57:27 +0000] "GET /static/app.js HTTP/1.1" 200 6190 "-" "Mozilla/5.0 (Macintosh; Intel Mac OS X 10_15_7) AppleWebKit/605.1.15 Safari/605.1.15"
198.51.100.23 - - [01/Jun/2024:06:57:53 +0000] "GET /profile HTTP/1.1" 200 859 "-" "Mozilla/5.0 (Windows NT 10.0; Win64; x64) AppleWebKit/537.36 Chrome/120.0.0.0 Safari/537.36"
192.168.1.45 - - [01/Jun/2024:06:57:58 +0000] "GET /static/app.js HTTP/1.1" 304 8708 "-" "Mozilla/5.0 (iPhone; CPU iPhone OS 17_0 like Mac OS X) AppleWebKit/605.1.15 Mobile/15E148"
198.51.100.23 - - [01/Jun/2024:06:58:18 +0000] "GET /profile HTTP/1.1" 200 10244 "-" "Mozilla/5.0 (X11; Linux x86_64; rv:109.0) Gecko/20100101 Firefox/115.0"
172.16.0.8 - - [01/Jun/2024:06:58:39 +0000] "POST /register HTTP/1.1" 200 8511 "-" "curl/7.88.1"
203.0.113.15 - - [01/Jun/2024:06:59:48 +0000] "GET /logout HTTP/1.1" 200 13565 "-" "Mozilla/5.0 (Windows NT 10.0; Win64; x64) AppleWebKit/537.36 Chrome/120.0.0.0 Safari/537.36"
172.16.0.3 - - [01/Jun/2024:07:00:36 +0000] "GET /contact HTTP/1.1" 404 9763 "-" "Mozilla/5.0 (X11; Linux x86_64; rv:109.0) Gecko/20100101 Firefox/115.0"
203.0.113.88 - - [01/Jun/2024:07:02:18 +0000] "GET / HTTP/1.1" 200 4550 "-" "python-requests/2.31.0"
172.16.0.55 - - [01/Jun/2024:07:03:59 +0000] "GET /logout HTTP/1.1" 200 12019 "-" "Mozilla/5.0 (Windows NT 10.0; Win64; x64) AppleWebKit/537.36 Chrome/120.0.0.0 Safari/537.36"
203.0.113.15 - - [01/Jun/2024:07:05:14 +0000] "GET /dashboard HTTP/1.1" 200 12015 "-" "curl/7.88.1"
192.168.1.77 - - [01/Jun/2024:07:06:54 +0000] "GET /blog HTTP/1.1" 200 11353 "-" "Mozilla/5.0 (Macintosh; Intel Mac OS X 10_15_7) AppleWebKit/605.1.15 Safari/605.1.15"
198.51.100.23 - - [01/Jun/2024:07:06:59 +0000] "GET /contact HTTP/1.1" 200 7425 "-" "Mozilla/5.0 (X11; Linux x86_64; rv:109.0) Gecko/20100101 Firefox/115.0"
192.168.1.45 - - [01/Jun/2024:07:07:53 +0000] "GET /blog/post-1 HTTP/1.1" 200 6923 "-" "curl/7.88.1"
198.51.100.23 - - [01/Jun/2024:07:09:33 +0000] "GET /search HTTP/1.1" 304 12255 "-" "python-requests/2.31.0"
10.0.0.99 - - [01/Jun/2024:07:09:41 +0000] "GET /login HTTP/1.1" 200 11049 "-" "Mozilla/5.0 (iPhone; CPU iPhone OS 17_0 like Mac OS X) AppleWebKit/605.1.15 Mobile/15E148"
172.16.0.8 - - [01/Jun/2024:07:10:49 +0000] "GET /static/app.js HTTP/1.1" 404 7731 "-" "curl/7.88.1"
198.51.100.7 - - [01/Jun/2024:07:11:33 +0000] "GET /static/logo.png HTTP/1.1" 200 14415 "-" "python-requests/2.31.0"
203.0.113.42 - - [01/Jun/2024:07:13:01 +0000] "POST /api/orders HTTP/1.1" 200 4238 "-" "Mozilla/5.0 (X11; Linux x86_64; rv:109.0) Gecko/20100101 Firefox/115.0"
10.0.0.12 - - [01/Jun/2024:07:14:13 +0000] "GET /api/products HTTP/1.1" 304 5076 "-" "Mozilla/5.0 (X11; Linux x86_64; rv:109.0) Gecko/20100101 Firefox/115.0"
10.0.0.5 - - [01/Jun/2024:07:15:44 +0000] "GET /search HTTP/1.1" 200 5914 "-" "curl/7.88.1"
203.0.113.88 - - [01/Jun/2024:07:17:44 +0000] "POST /api/orders HTTP/1.1" 200 11285 "-" "curl/7.88.1"
203.0.113.88 - - [01/Jun/2024:07:18:33 +0000] "GET /blog HTTP/1.1" 304 12865 "-" "Mozilla/5.0 (Macintosh; Intel Mac OS X 10_15_7) AppleWebKit/605.1.15 Safari/605.1.15"
192.168.1.10 - - [01/Jun/2024:07:19:11 +0000] "GET /static/main.css HTTP/1.1" 404 1494 "-" "Mozilla/5.0 (X11; Linux x86_64; rv:109.0) Gecko/20100101 Firefox/115.0"
203.0.113.15 - - [01/Jun/2024:07:21:10 +0000] "POST /api/orders HTTP/1.1" 200 13765 "-" "curl/7.88.1"
203.0.113.88 - - [01/Jun/2024:07:21:45 +0000] "GET /settings HTTP/1.1" 200 2449 "-" "Mozilla/5.0 (Windows NT 10.0; Win64; x64) AppleWebKit/537.36 Chrome/120.0.0.0 Safari/537.36"
10.0.0.99 - - [01/Jun/2024:07:23:04 +0000] "GET /logout HTTP/1.1" 200 1031 "-" "python-requests/2.31.0"
198.51.100.7 - - [01/Jun/2024:07:25:00 +0000] "GET /api/products HTTP/1.1" 200 1060 "-" "Mozilla/5.0 (Windows NT 10.0; Win64; x64) AppleWebKit/537.36 Chrome/120.0.0.0 Safari/537.36"
172.16.0.3 - - [01/Jun/2024:07:25:53 +0000] "GET /search HTTP/1.1" 200 12828 "-" "Mozilla/5.0 (Macintosh; Intel Mac OS X 10_15_7) AppleWebKit/605.1.15 Safari/605.1.15"
198.51.100.7 - - [01/Jun/2024:07:25:54 +0000] "GET /dashboard HTTP/1.1" 200 14628 "-" "Mozilla/5.0 (iPhone; CPU iPhone OS 17_0 like Mac OS X) AppleWebKit/605.1.15 Mobile/15E148"
203.0.113.42 - - [01/Jun/2024:07:26:56 +0000] "GET /api/users HTTP/1.1" 301 4906 "-" "Mozilla/5.0 (X11; Linux x86_64; rv:109.0) Gecko/20100101 Firefox/115.0"
203.0.113.42 - - [01/Jun/2024:07:27:33 +0000] "GET /index.html HTTP/1.1" 304 1665 "-" "python-requests/2.31.0"
10.0.0.5 - - [01/Jun/2024:07:28:47 +0000] "GET /settings HTTP/1.1" 200 14131 "-" "Mozilla/5.0 (Windows NT 10.0; Win64; x64) AppleWebKit/537.36 Chrome/120.0.0.0 Safari/537.36"
203.0.113.88 - - [01/Jun/2024:07:30:44 +0000] "GET /dashboard HTTP/1.1" 200 13923 "-" "Mozilla/5.0 (Macintosh; Intel Mac OS X 10_15_7) AppleWebKit/605.1.15 Safari/605.1.15"
203.0.113.88 - - [01/Jun/2024:07:32:44 +0000] "GET /index.html HTTP/1.1" 404 6704 "-" "Mozilla/5.0 (iPhone; CPU iPhone OS 17_0 like Mac OS X) AppleWebKit/605.1.15 Mobile/15E148"
203.0.113.88 - - [01/Jun/2024:07:33:08 +0000] "GET /static/main.css HTTP/1.1" 304 351 "-" "Mozilla/5.0 (X11; Linux x86_64; rv:109.0) Gecko/20100101 Firefox/115.0"
198.51.100.23 - - [01/Jun/2024:07:34:21 +0000] "GET /contact HTTP/1.1" 304 5689 "-" "Mozilla/5.0 (X11; Linux x86_64; rv:109.0) Gecko/20100101 Firefox/115.0"
203.0.113.42 - - [01/Jun/2024:07:35:20 +0000] "GET /settings HTTP/1.1" 200 14769 "-" "Mozilla/5.0 (Macintosh; Intel Mac OS X 10_15_7) AppleWebKit/605.1.15 Safari/605.1.15"
198.51.100.7 - - [01/Jun/2024:07:37:09 +0000] "GET /blog/post-2 HTTP/1.1" 200 13451 "-" "Mozilla/5.0 (Windows NT 10.0; Win64; x64) AppleWebKit/537.36 Chrome/120.0.0.0 Safari/537.36"
192.168.1.45 - - [01/Jun/2024:07:37:52 +0000] "GET /blog/post-2 HTTP/1.1" 200 11973 "-" "Mozilla/5.0 (Macintosh; Intel Mac OS X 10_15_7) AppleWebKit/605.1.15 Safari/605.1.15"
10.0.0.99 - - [01/Jun/2024:07:37:54 +0000] "GET /static/app.js HTTP/1.1" 301 9502 "-" "python-requests/2.31.0"
10.0.0.5 - - [01/Jun/2024:07:39:31 +0000] "GET /dashboard HTTP/1.1" 200 10664 "-" "Mozilla/5.0 (iPhone; CPU iPhone OS 17_0 like Mac OS X) AppleWebKit/605.1.15 Mobile/15E148"
172.16.0.8 - - [01/Jun/2024:07:41:17 +0000] "GET /profile HTTP/1.1" 200 6767 "-" "python-requests/2.31.0"
192.168.1.45 - - [01/Jun/2024:07:41:30 +0000] "POST /login HTTP/1.1" 200 4264 "-" "Mozilla/5.0 (Windows NT 10.0; Win64; x64) AppleWebKit/537.36 Chrome/120.0.0.0 Safari/537.36"
172.16.0.8 - - [01/Jun/2024:07:42:04 +0000] "GET /api/products HTTP/1.1" 200 4574 "-" "Mozilla/5.0 (X11; Linux x86_64; rv:109.0) Gecko/20100101 Firefox/115.0"
198.51.100.23 - - [01/Jun/2024:07:42:43 +0000] "GET /logout HTTP/1.1" 200 10909 "-" "Mozilla/5.0 (X11; Linux x86_64; rv:109.0) Gecko/20100101 Firefox/115.0"
10.0.0.5 - - [01/Jun/2024:07:44:12 +0000] "GET /index.html HTTP/1.1" 200 7825 "-" "Mozilla/5.0 (X11; Linux x86_64; rv:109.0) Gecko/20100101 Firefox/115.0"
172.16.0.8 - - [01/Jun/2024:07:44:33 +0000] "GET /profile HTTP/1.1" 304 14745 "-" "python-requests/2.31.0"
10.0.0.12 - - [01/Jun/2024:07:46:12 +0000] "GET /contact HTTP/1.1" 200 5033 "-" "Mozilla/5.0 (X11; Linux x86_64; rv:109.0) Gecko/20100101 Firefox/115.0"
10.0.0.5 - - [01/Jun/2024:07:47:31 +0000] "GET /api/products HTTP/1.1" 404 8034 "-" "Mozilla/5.0 (Macintosh; Intel Mac OS X 10_15_7) AppleWebKit/605.1.15 Safari/605.1.15"
10.0.0.99 - - [01/Jun/2024:07:48:30 +0000] "POST /register HTTP/1.1" 200 9198 "-" "Mozilla/5.0 (iPhone; CPU iPhone OS 17_0 like Mac OS X) AppleWebKit/605.1.15 Mobile/15E148"
198.51.100.7 - - [01/Jun/2024:07:50:07 +0000] "GET /api/users HTTP/1.1" 301 11346 "-" "curl/7.88.1"
172.16.0.55 - - [01/Jun/2024:07:51:59 +0000] "GET /about HTTP/1.1" 200 8853 "-" "python-requests/2.31.0"
192.168.1.22 - - [01/Jun/2024:07:52:46 +0000] "GET /logout HTTP/1.1" 200 13778 "-" "curl/7.88.1"
198.51.100.7 - - [01/Jun/2024:07:54:42 +0000] "GET /api/users HTTP/1.1" 200 2655 "-" "Mozilla/5.0 (Macintosh; Intel Mac OS X 10_15_7) AppleWebKit/605.1.15 Safari/605.1.15"
192.168.1.77 - - [01/Jun/2024:07:55:24 +0000] "GET /profile HTTP/1.1" 200 11345 "-" "Mozilla/5.0 (Macintosh; Intel Mac OS X 10_15_7) AppleWebKit/605.1.15 Safari/605.1.15"
198.51.100.23 - - [01/Jun/2024:07:56:56 +0000] "GET /search HTTP/1.1" 200 8561 "-" "Mozilla/5.0 (iPhone; CPU iPhone OS 17_0 like Mac OS X) AppleWebKit/605.1.15 Mobile/15E148"
192.168.1.10 - - [01/Jun/2024:07:58:40 +0000] "GET /blog/post-2 HTTP/1.1" 200 7006 "-" "Mozilla/5.0 (iPhone; CPU iPhone OS 17_0 like Mac OS X) AppleWebKit/605.1.15 Mobile/15E148"
192.168.1.10 - - [01/Jun/2024:07:59:53 +0000] "GET /settings HTTP/1.1" 200 13420 "-" "Mozilla/5.0 (X11; Linux x86_64; rv:109.0) Gecko/20100101 Firefox/115.0"
192.168.1.10 - - [01/Jun/2024:08:01:26 +0000] "GET /blog HTTP/1.1" 200 249 "-" "python-requests/2.31.0"
198.51.100.23 - - [01/Jun/2024:08:01:54 +0000] "GET /about HTTP/1.1" 200 5844 "-" "python-requests/2.31.0"
198.51.100.7 - - [01/Jun/2024:08:02:03 +0000] "GET /index.html HTTP/1.1" 304 1330 "-" "Mozilla/5.0 (iPhone; CPU iPhone OS 17_0 like Mac OS X) AppleWebKit/605.1.15 Mobile/15E148"
10.0.0.12 - - [01/Jun/2024:08:02:08 +0000] "GET /blog/post-1 HTTP/1.1" 200 2418 "-" "python-requests/2.31.0"
203.0.113.42 - - [01/Jun/2024:08:03:42 +0000] "GET /blog/post-1 HTTP/1.1" 200 14803 "-" "Mozilla/5.0 (iPhone; CPU iPhone OS 17_0 like Mac OS X) AppleWebKit/605.1.15 Mobile/15E148"
192.168.1.77 - - [01/Jun/2024:08:04:40 +0000] "GET /blog HTTP/1.1" 200 11385 "-" "python-requests/2.31.0"
198.51.100.7 - - [01/Jun/2024:08:06:32 +0000] "POST /login HTTP/1.1" 200 9002 "-" "Mozilla/5.0 (iPhone; CPU iPhone OS 17_0 like Mac OS X) AppleWebKit/605.1.15 Mobile/15E148"
192.168.1.45 - - [01/Jun/2024:08:07:40 +0000] "GET /api/products HTTP/1.1" 304 12589 "-" "Mozilla/5.0 (Windows NT 10.0; Win64; x64) AppleWebKit/537.36 Chrome/120.0.0.0 Safari/537.36"
203.0.113.15 - - [01/Jun/2024:08:08:19 +0000] "GET /settings HTTP/1.1" 200 6414 "-" "Mozilla/5.0 (Macintosh; Intel Mac OS X 10_15_7) AppleWebKit/605.1.15 Safari/605.1.15"
203.0.113.15 - - [01/Jun/2024:08:08:51 +0000] "GET /static/logo.png HTTP/1.1" 200 3288 "-" "python-requests/2.31.0"
192.168.1.22 - - [01/Jun/2024:08:10:29 +0000] "GET /index.html HTTP/1.1" 304 7068 "-" "curl/7.88.1"
203.0.113.88 - - [01/Jun/2024:08:12:08 +0000] "GET / HTTP/1.1" 200 1302 "-" "Mozilla/5.0 (Windows NT 10.0; Win64; x64) AppleWebKit/537.36 Chrome/120.0.0.0 Safari/537.36"
192.168.1.10 - - [01/Jun/2024:08:13:25 +0000] "GET /blog/post-2 HTTP/1.1" 200 11722 "-" "Mozilla/5.0 (Windows NT 10.0; Win64; x64) AppleWebKit/537.36 Chrome/120.0.0.0 Safari/537.36"
10.0.0.99 - - [01/Jun/2024:08:13:57 +0000] "GET /index.html HTTP/1.1" 200 4039 "-" "curl/7.88.1"
172.16.0.55 - - [01/Jun/2024:08:14:25 +0000] "GET /index.html HTTP/1.1" 200 4939 "-" "Mozilla/5.0 (Macintosh; Intel Mac OS X 10_15_7) AppleWebKit/605.1.15 Safari/605.1.15"
203.0.113.88 - - [01/Jun/2024:08:16:10 +0000] "GET /logout HTTP/1.1" 200 9996 "-" "python-requests/2.31.0"
172.16.0.3 - - [01/Jun/2024:08:17:55 +0000] "GET /api/products HTTP/1.1" 200 2547 "-" "python-requests/2.31.0"
10.0.0.5 - - [01/Jun/2024:08:19:02 +0000] "GET /blog/post-1 HTTP/1.1" 200 1198 "-" "curl/7.88.1"
203.0.113.88 - - [01/Jun/2024:08:20:18 +0000] "GET /dashboard HTTP/1.1" 200 7199 "-" "curl/7.88.1"
192.168.1.10 - - [01/Jun/2024:08:21:22 +0000] "GET /static/logo.png HTTP/1.1" 304 11199 "-" "Mozilla/5.0 (iPhone; CPU iPhone OS 17_0 like Mac OS X) AppleWebKit/605.1.15 Mobile/15E148"
198.51.100.7 - - [01/Jun/2024:08:23:03 +0000] "GET /static/app.js HTTP/1.1" 200 6888 "-" "Mozilla/5.0 (Macintosh; Intel Mac OS X 10_15_7) AppleWebKit/605.1.15 Safari/605.1.15"
172.16.0.8 - - [01/Jun/2024:08:23:42 +0000] "GET /dashboard HTTP/1.1" 301 7958 "-" "Mozilla/5.0 (Macintosh; Intel Mac OS X 10_15_7) AppleWebKit/605.1.15 Safari/605.1.15"
10.0.0.5 - - [01/Jun/2024:08:25:31 +0000] "GET /static/main.css HTTP/1.1" 304 2565 "-" "Mozilla/5.0 (iPhone; CPU iPhone OS 17_0 like Mac OS X) AppleWebKit/605.1.15 Mobile/15E148"
192.168.1.10 - - [01/Jun/2024:08:27:29 +0000] "GET /settings HTTP/1.1" 200 7024 "-" "curl/7.88.1"
192.168.1.45 - - [01/Jun/2024:08:28:37 +0000] "GET /blog HTTP/1.1" 200 3531 "-" "Mozilla/5.0 (X11; Linux x86_64; rv:109.0) Gecko/20100101 Firefox/115.0"
192.168.1.22 - - [01/Jun/2024:08:30:00 +0000] "GET /blog/post-2 HTTP/1.1" 304 1714 "-" "curl/7.88.1"
192.168.1.77 - - [01/Jun/2024:08:31:33 +0000] "GET /api/users HTTP/1.1" 200 6379 "-" "python-requests/2.31.0"
198.51.100.23 - - [01/Jun/2024:08:32:51 +0000] "GET /index.html HTTP/1.1" 304 3282 "-" "curl/7.88.1"
203.0.113.42 - - [01/Jun/2024:08:34:24 +0000] "GET /settings HTTP/1.1" 200 3622 "-" "Mozilla/5.0 (X11; Linux x86_64; rv:109.0) Gecko/20100101 Firefox/115.0"
203.0.113.88 - - [01/Jun/2024:08:35:03 +0000] "GET / HTTP/1.1" 200 3313 "-" "python-requests/2.31.0"
10.0.0.99 - - [01/Jun/2024:08:35:19 +0000] "GET /search HTTP/1.1" 304 11597 "-" "curl/7.88.1"
10.0.0.5 - - [01/Jun/2024:08:36:50 +0000] "GET /blog HTTP/1.1" 304 9245 "-" "Mozilla/5.0 (X11; Linux x86_64; rv:109.0) Gecko/20100101 Firefox/115.0"
10.0.0.12 - - [01/Jun/2024:08:38:30 +0000] "GET /blog HTTP/1.1" 200 10828 "-" "Mozilla/5.0 (X11; Linux x86_64; rv:109.0) Gecko/20100101 Firefox/115.0"
10.0.0.12 - - [01/Jun/2024:08:39:10 +0000] "GET /static/logo.png HTTP/1.1" 200 8347 "-" "Mozilla/5.0 (iPhone; CPU iPhone OS 17_0 like Mac OS X) AppleWebKit/605.1.15 Mobile/15E148"
172.16.0.55 - - [01/Jun/2024:08:39:23 +0000] "GET /search HTTP/1.1" 301 5446 "-" "Mozilla/5.0 (Macintosh; Intel Mac OS X 10_15_7) AppleWebKit/605.1.15 Safari/605.1.15"
172.16.0.3 - - [01/Jun/2024:08:40:11 +0000] "GET /blog/post-1 HTTP/1.1" 200 14357 "-" "Mozilla/5.0 (Macintosh; Intel Mac OS X 10_15_7) AppleWebKit/605.1.15 Safari/605.1.15"
192.168.1.45 - - [01/Jun/2024:08:41:46 +0000] "GET / HTTP/1.1" 200 9768 "-" "curl/7.88.1"
185.220.101.47 - - [01/Jun/2024:09:22:14 +0000] "GET /api/users HTTP/1.1" 200 100559 "-" "python-requests/2.31.0"
185.220.101.47 - - [01/Jun/2024:09:22:25 +0000] "GET /api/products HTTP/1.1" 200 170664 "-" "python-requests/2.31.0"
185.220.101.47 - - [01/Jun/2024:09:22:28 +0000] "GET /api/users HTTP/1.1" 200 194580 "-" "python-requests/2.31.0"
185.220.101.47 - - [01/Jun/2024:09:22:34 +0000] "GET /api/users HTTP/1.1" 200 169284 "-" "python-requests/2.31.0"
185.220.101.47 - - [01/Jun/2024:09:22:46 +0000] "GET /api/products HTTP/1.1" 200 236135 "-" "python-requests/2.31.0"
185.220.101.47 - - [01/Jun/2024:09:22:55 +0000] "GET /api/orders HTTP/1.1" 200 87766 "-" "python-requests/2.31.0"
185.220.101.47 - - [01/Jun/2024:09:23:08 +0000] "GET /api/orders HTTP/1.1" 200 198109 "-" "python-requests/2.31.0"
185.220.101.47 - - [01/Jun/2024:09:23:18 +0000] "GET /api/users HTTP/1.1" 200 173273 "-" "python-requests/2.31.0"
172.16.0.8 - - [01/Jun/2024:10:02:22 +0000] "GET /blog/post-1 HTTP/1.1" 200 19397 "-" "python-requests/2.31.0"
192.168.1.22 - - [01/Jun/2024:10:04:00 +0000] "GET /register HTTP/1.1" 200 8275 "-" "python-requests/2.31.0"
192.168.1.22 - - [01/Jun/2024:10:04:19 +0000] "GET /api/orders HTTP/1.1" 200 5255 "-" "python-requests/2.31.0"
172.16.0.3 - - [01/Jun/2024:10:05:59 +0000] "GET /static/logo.png HTTP/1.1" 200 370 "-" "Mozilla/5.0 (X11; Linux x86_64; rv:109.0) Gecko/20100101 Firefox/115.0"
172.16.0.3 - - [01/Jun/2024:10:07:53 +0000] "GET /api/orders HTTP/1.1" 200 3060 "-" "Mozilla/5.0 (Macintosh; Intel Mac OS X 10_15_7) AppleWebKit/605.1.15 Safari/605.1.15"
203.0.113.15 - - [01/Jun/2024:10:09:44 +0000] "GET /settings HTTP/1.1" 200 13570 "-" "Mozilla/5.0 (Windows NT 10.0; Win64; x64) AppleWebKit/537.36 Chrome/120.0.0.0 Safari/537.36"
192.168.1.22 - - [01/Jun/2024:10:09:51 +0000] "GET /static/logo.png HTTP/1.1" 200 19760 "-" "curl/7.88.1"
192.168.1.77 - - [01/Jun/2024:10:11:15 +0000] "GET /blog HTTP/1.1" 200 13759 "-" "Mozilla/5.0 (iPhone; CPU iPhone OS 17_0 like Mac OS X) AppleWebKit/605.1.15 Mobile/15E148"
10.0.0.99 - - [01/Jun/2024:10:11:37 +0000] "GET /settings HTTP/1.1" 304 8154 "-" "curl/7.88.1"
192.168.1.45 - - [01/Jun/2024:10:13:51 +0000] "GET /blog HTTP/1.1" 200 9011 "-" "Mozilla/5.0 (X11; Linux x86_64; rv:109.0) Gecko/20100101 Firefox/115.0"
203.0.113.15 - - [01/Jun/2024:10:15:00 +0000] "GET /login HTTP/1.1" 200 14443 "-" "Mozilla/5.0 (X11; Linux x86_64; rv:109.0) Gecko/20100101 Firefox/115.0"
10.0.0.12 - - [01/Jun/2024:10:16:48 +0000] "GET /search HTTP/1.1" 304 12033 "-" "Mozilla/5.0 (X11; Linux x86_64; rv:109.0) Gecko/20100101 Firefox/115.0"
10.0.0.99 - - [01/Jun/2024:10:17:52 +0000] "GET /search HTTP/1.1" 200 6607 "-" "Mozilla/5.0 (iPhone; CPU iPhone OS 17_0 like Mac OS X) AppleWebKit/605.1.15 Mobile/15E148"
192.168.1.45 - - [01/Jun/2024:10:18:20 +0000] "GET /static/main.css HTTP/1.1" 200 13166 "-" "Mozilla/5.0 (X11; Linux x86_64; rv:109.0) Gecko/20100101 Firefox/115.0"
172.16.0.8 - - [01/Jun/2024:10:20:59 +0000] "GET /static/app.js HTTP/1.1" 200 14310 "-" "python-requests/2.31.0"
192.168.1.45 - - [01/Jun/2024:10:23:32 +0000] "GET /static/main.css HTTP/1.1" 200 6781 "-" "Mozilla/5.0 (iPhone; CPU iPhone OS 17_0 like Mac OS X) AppleWebKit/605.1.15 Mobile/15E148"
192.168.1.45 - - [01/Jun/2024:10:24:53 +0000] "GET /blog HTTP/1.1" 404 9750 "-" "python-requests/2.31.0"
203.0.113.42 - - [01/Jun/2024:10:27:51 +0000] "GET /search HTTP/1.1" 404 8143 "-" "Mozilla/5.0 (X11; Linux x86_64; rv:109.0) Gecko/20100101 Firefox/115.0"
10.0.0.12 - - [01/Jun/2024:10:29:28 +0000] "GET /blog HTTP/1.1" 200 18676 "-" "Mozilla/5.0 (Macintosh; Intel Mac OS X 10_15_7) AppleWebKit/605.1.15 Safari/605.1.15"
198.51.100.7 - - [01/Jun/2024:10:32:00 +0000] "GET /dashboard HTTP/1.1" 200 18225 "-" "Mozilla/5.0 (Windows NT 10.0; Win64; x64) AppleWebKit/537.36 Chrome/120.0.0.0 Safari/537.36"
10.0.0.99 - - [01/Jun/2024:10:33:59 +0000] "GET /api/users HTTP/1.1" 200 9746 "-" "python-requests/2.31.0"
192.168.1.77 - - [01/Jun/2024:10:34:17 +0000] "GET /blog/post-1 HTTP/1.1" 200 4760 "-" "python-requests/2.31.0"
10.0.0.5 - - [01/Jun/2024:10:35:35 +0000] "GET /api/orders HTTP/1.1" 200 14065 "-" "Mozilla/5.0 (iPhone; CPU iPhone OS 17_0 like Mac OS X) AppleWebKit/605.1.15 Mobile/15E148"
203.0.113.15 - - [01/Jun/2024:10:35:54 +0000] "GET /register HTTP/1.1" 200 13333 "-" "curl/7.88.1"
203.0.113.88 - - [01/Jun/2024:10:38:04 +0000] "GET /blog/post-1 HTTP/1.1" 200 11981 "-" "python-requests/2.31.0"
198.51.100.23 - - [01/Jun/2024:10:40:22 +0000] "GET /about HTTP/1.1" 200 8334 "-" "python-requests/2.31.0"
172.16.0.3 - - [01/Jun/2024:10:43:13 +0000] "GET /dashboard HTTP/1.1" 200 1651 "-" "curl/7.88.1"
203.0.113.42 - - [01/Jun/2024:10:45:59 +0000] "GET /blog HTTP/1.1" 404 11065 "-" "Mozilla/5.0 (iPhone; CPU iPhone OS 17_0 like Mac OS X) AppleWebKit/605.1.15 Mobile/15E148"
192.168.1.10 - - [01/Jun/2024:10:46:27 +0000] "GET /contact HTTP/1.1" 200 16933 "-" "python-requests/2.31.0"
198.51.100.7 - - [01/Jun/2024:10:48:40 +0000] "GET /logout HTTP/1.1" 200 7442 "-" "Mozilla/5.0 (iPhone; CPU iPhone OS 17_0 like Mac OS X) AppleWebKit/605.1.15 Mobile/15E148"
172.16.0.8 - - [01/Jun/2024:10:50:16 +0000] "GET /blog/post-2 HTTP/1.1" 304 19486 "-" "python-requests/2.31.0"
192.168.1.45 - - [01/Jun/2024:10:52:25 +0000] "GET /static/logo.png HTTP/1.1" 500 16019 "-" "Mozilla/5.0 (Windows NT 10.0; Win64; x64) AppleWebKit/537.36 Chrome/120.0.0.0 Safari/537.36"
172.16.0.8 - - [01/Jun/2024:10:53:41 +0000] "GET /about HTTP/1.1" 200 4842 "-" "Mozilla/5.0 (X11; Linux x86_64; rv:109.0) Gecko/20100101 Firefox/115.0"
172.16.0.3 - - [01/Jun/2024:10:55:01 +0000] "GET /blog/post-2 HTTP/1.1" 304 17275 "-" "Mozilla/5.0 (iPhone; CPU iPhone OS 17_0 like Mac OS X) AppleWebKit/605.1.15 Mobile/15E148"
203.0.113.15 - - [01/Jun/2024:10:56:31 +0000] "GET /contact HTTP/1.1" 200 15025 "-" "Mozilla/5.0 (X11; Linux x86_64; rv:109.0) Gecko/20100101 Firefox/115.0"
10.0.0.12 - - [01/Jun/2024:10:56:49 +0000] "GET /index.html HTTP/1.1" 304 3971 "-" "Mozilla/5.0 (Windows NT 10.0; Win64; x64) AppleWebKit/537.36 Chrome/120.0.0.0 Safari/537.36"
203.0.113.42 - - [01/Jun/2024:10:58:17 +0000] "GET /contact HTTP/1.1" 200 5585 "-" "python-requests/2.31.0"
198.51.100.7 - - [01/Jun/2024:10:59:20 +0000] "GET /dashboard HTTP/1.1" 200 11045 "-" "curl/7.88.1"
203.0.113.15 - - [01/Jun/2024:11:01:10 +0000] "GET /api/products HTTP/1.1" 304 6244 "-" "Mozilla/5.0 (Macintosh; Intel Mac OS X 10_15_7) AppleWebKit/605.1.15 Safari/605.1.15"
203.0.113.42 - - [01/Jun/2024:11:03:54 +0000] "GET /blog/post-1 HTTP/1.1" 200 6665 "-" "Mozilla/5.0 (iPhone; CPU iPhone OS 17_0 like Mac OS X) AppleWebKit/605.1.15 Mobile/15E148"
172.16.0.8 - - [01/Jun/2024:11:06:26 +0000] "GET /blog HTTP/1.1" 200 7238 "-" "Mozilla/5.0 (Macintosh; Intel Mac OS X 10_15_7) AppleWebKit/605.1.15 Safari/605.1.15"
172.16.0.55 - - [01/Jun/2024:11:07:38 +0000] "GET /about HTTP/1.1" 200 17792 "-" "Mozilla/5.0 (Macintosh; Intel Mac OS X 10_15_7) AppleWebKit/605.1.15 Safari/605.1.15"
172.16.0.3 - - [01/Jun/2024:11:09:12 +0000] "GET /api/users HTTP/1.1" 200 8796 "-" "python-requests/2.31.0"
198.51.100.7 - - [01/Jun/2024:11:11:18 +0000] "GET /static/app.js HTTP/1.1" 200 13062 "-" "curl/7.88.1"
172.16.0.3 - - [01/Jun/2024:11:11:48 +0000] "GET /static/logo.png HTTP/1.1" 304 5853 "-" "python-requests/2.31.0"
203.0.113.88 - - [01/Jun/2024:11:13:05 +0000] "GET /register HTTP/1.1" 200 4589 "-" "Mozilla/5.0 (X11; Linux x86_64; rv:109.0) Gecko/20100101 Firefox/115.0"
10.0.0.5 - - [01/Jun/2024:11:13:36 +0000] "GET /static/main.css HTTP/1.1" 200 12432 "-" "python-requests/2.31.0"
198.51.100.7 - - [01/Jun/2024:11:14:13 +0000] "GET /blog HTTP/1.1" 200 4717 "-" "curl/7.88.1"
172.16.0.8 - - [01/Jun/2024:11:15:52 +0000] "GET /dashboard HTTP/1.1" 200 17808 "-" "python-requests/2.31.0"
203.0.113.88 - - [01/Jun/2024:11:18:38 +0000] "GET /dashboard HTTP/1.1" 200 16244 "-" "Mozilla/5.0 (X11; Linux x86_64; rv:109.0) Gecko/20100101 Firefox/115.0"
192.168.1.45 - - [01/Jun/2024:11:19:14 +0000] "GET /static/app.js HTTP/1.1" 304 1956 "-" "Mozilla/5.0 (X11; Linux x86_64; rv:109.0) Gecko/20100101 Firefox/115.0"
203.0.113.15 - - [01/Jun/2024:11:19:17 +0000] "GET /login HTTP/1.1" 200 12781 "-" "curl/7.88.1"
203.0.113.42 - - [01/Jun/2024:11:21:27 +0000] "GET /search HTTP/1.1" 200 16312 "-" "Mozilla/5.0 (iPhone; CPU iPhone OS 17_0 like Mac OS X) AppleWebKit/605.1.15 Mobile/15E148"
203.0.113.15 - - [01/Jun/2024:11:23:21 +0000] "GET /dashboard HTTP/1.1" 200 1211 "-" "Mozilla/5.0 (Macintosh; Intel Mac OS X 10_15_7) AppleWebKit/605.1.15 Safari/605.1.15"
192.168.1.10 - - [01/Jun/2024:11:24:36 +0000] "GET /api/orders HTTP/1.1" 200 9659 "-" "Mozilla/5.0 (Macintosh; Intel Mac OS X 10_15_7) AppleWebKit/605.1.15 Safari/605.1.15"
198.51.100.23 - - [01/Jun/2024:11:26:34 +0000] "GET /search HTTP/1.1" 200 3909 "-" "curl/7.88.1"
10.0.0.12 - - [01/Jun/2024:11:27:04 +0000] "GET /settings HTTP/1.1" 304 12221 "-" "curl/7.88.1"
172.16.0.55 - - [01/Jun/2024:11:27:15 +0000] "GET /blog/post-2 HTTP/1.1" 200 14131 "-" "Mozilla/5.0 (Windows NT 10.0; Win64; x64) AppleWebKit/537.36 Chrome/120.0.0.0 Safari/537.36"
172.16.0.55 - - [01/Jun/2024:11:30:03 +0000] "GET /api/products HTTP/1.1" 200 1256 "-" "Mozilla/5.0 (iPhone; CPU iPhone OS 17_0 like Mac OS X) AppleWebKit/605.1.15 Mobile/15E148"
172.16.0.3 - - [01/Jun/2024:11:31:11 +0000] "GET /about HTTP/1.1" 200 4046 "-" "Mozilla/5.0 (Macintosh; Intel Mac OS X 10_15_7) AppleWebKit/605.1.15 Safari/605.1.15"
172.16.0.55 - - [01/Jun/2024:11:32:05 +0000] "GET /logout HTTP/1.1" 200 14230 "-" "Mozilla/5.0 (Macintosh; Intel Mac OS X 10_15_7) AppleWebKit/605.1.15 Safari/605.1.15"
192.168.1.45 - - [01/Jun/2024:11:34:43 +0000] "GET /api/users HTTP/1.1" 304 2145 "-" "curl/7.88.1"
198.51.100.7 - - [01/Jun/2024:11:36:13 +0000] "GET /api/orders HTTP/1.1" 200 5717 "-" "Mozilla/5.0 (X11; Linux x86_64; rv:109.0) Gecko/20100101 Firefox/115.0"
10.0.0.12 - - [01/Jun/2024:11:37:28 +0000] "GET /logout HTTP/1.1" 200 17056 "-" "python-requests/2.31.0"
192.168.1.45 - - [01/Jun/2024:11:37:53 +0000] "GET /blog/post-1 HTTP/1.1" 304 9287 "-" "python-requests/2.31.0"
10.0.0.99 - - [01/Jun/2024:11:38:26 +0000] "GET /login HTTP/1.1" 200 10754 "-" "Mozilla/5.0 (Macintosh; Intel Mac OS X 10_15_7) AppleWebKit/605.1.15 Safari/605.1.15"
172.16.0.8 - - [01/Jun/2024:11:41:20 +0000] "GET /search HTTP/1.1" 200 9005 "-" "python-requests/2.31.0"
172.16.0.8 - - [01/Jun/2024:11:43:07 +0000] "GET /blog/post-2 HTTP/1.1" 200 3250 "-" "Mozilla/5.0 (iPhone; CPU iPhone OS 17_0 like Mac OS X) AppleWebKit/605.1.15 Mobile/15E148"
10.0.0.99 - - [01/Jun/2024:11:45:19 +0000] "GET /api/orders HTTP/1.1" 200 12293 "-" "Mozilla/5.0 (iPhone; CPU iPhone OS 17_0 like Mac OS X) AppleWebKit/605.1.15 Mobile/15E148"
172.16.0.3 - - [01/Jun/2024:11:47:24 +0000] "GET /logout HTTP/1.1" 200 3252 "-" "python-requests/2.31.0"
203.0.113.42 - - [01/Jun/2024:11:49:22 +0000] "GET /static/logo.png HTTP/1.1" 304 17712 "-" "Mozilla/5.0 (iPhone; CPU iPhone OS 17_0 like Mac OS X) AppleWebKit/605.1.15 Mobile/15E148"
172.16.0.8 - - [01/Jun/2024:11:50:18 +0000] "GET /api/users HTTP/1.1" 200 10779 "-" "Mozilla/5.0 (X11; Linux x86_64; rv:109.0) Gecko/20100101 Firefox/115.0"
198.51.100.7 - - [01/Jun/2024:11:51:45 +0000] "GET /logout HTTP/1.1" 200 16103 "-" "Mozilla/5.0 (X11; Linux x86_64; rv:109.0) Gecko/20100101 Firefox/115.0"
172.16.0.55 - - [01/Jun/2024:11:54:40 +0000] "GET /index.html HTTP/1.1" 200 15259 "-" "Mozilla/5.0 (Windows NT 10.0; Win64; x64) AppleWebKit/537.36 Chrome/120.0.0.0 Safari/537.36"
203.0.113.88 - - [01/Jun/2024:11:55:12 +0000] "GET /dashboard HTTP/1.1" 200 222 "-" "Mozilla/5.0 (iPhone; CPU iPhone OS 17_0 like Mac OS X) AppleWebKit/605.1.15 Mobile/15E148"
10.0.0.99 - - [01/Jun/2024:11:56:04 +0000] "GET /login HTTP/1.1" 304 10091 "-" "Mozilla/5.0 (Macintosh; Intel Mac OS X 10_15_7) AppleWebKit/605.1.15 Safari/605.1.15"
192.168.1.22 - - [01/Jun/2024:11:57:15 +0000] "GET /static/logo.png HTTP/1.1" 200 12384 "-" "python-requests/2.31.0"
192.168.1.45 - - [01/Jun/2024:12:00:02 +0000] "GET /index.html HTTP/1.1" 200 10210 "-" "python-requests/2.31.0"
172.16.0.55 - - [01/Jun/2024:12:03:02 +0000] "GET /api/products HTTP/1.1" 200 3188 "-" "python-requests/2.31.0"
192.168.1.10 - - [01/Jun/2024:12:03:27 +0000] "GET /api/users HTTP/1.1" 200 4548 "-" "curl/7.88.1"
198.51.100.7 - - [01/Jun/2024:12:04:25 +0000] "GET /blog/post-2 HTTP/1.1" 200 11458 "-" "Mozilla/5.0 (Windows NT 10.0; Win64; x64) AppleWebKit/537.36 Chrome/120.0.0.0 Safari/537.36"
10.0.0.99 - - [01/Jun/2024:12:06:14 +0000] "GET /login HTTP/1.1" 200 7702 "-" "Mozilla/5.0 (iPhone; CPU iPhone OS 17_0 like Mac OS X) AppleWebKit/605.1.15 Mobile/15E148"
10.0.0.99 - - [01/Jun/2024:12:06:37 +0000] "GET /contact HTTP/1.1" 200 12244 "-" "Mozilla/5.0 (X11; Linux x86_64; rv:109.0) Gecko/20100101 Firefox/115.0"
172.16.0.8 - - [01/Jun/2024:12:07:13 +0000] "GET /login HTTP/1.1" 200 4881 "-" "Mozilla/5.0 (Windows NT 10.0; Win64; x64) AppleWebKit/537.36 Chrome/120.0.0.0 Safari/537.36"
198.51.100.23 - - [01/Jun/2024:12:09:29 +0000] "GET / HTTP/1.1" 200 5577 "-" "Mozilla/5.0 (iPhone; CPU iPhone OS 17_0 like Mac OS X) AppleWebKit/605.1.15 Mobile/15E148"
10.0.0.99 - - [01/Jun/2024:12:10:59 +0000] "GET /api/users HTTP/1.1" 200 5160 "-" "Mozilla/5.0 (iPhone; CPU iPhone OS 17_0 like Mac OS X) AppleWebKit/605.1.15 Mobile/15E148"
203.0.113.42 - - [01/Jun/2024:12:13:37 +0000] "GET /blog/post-2 HTTP/1.1" 304 3040 "-" "Mozilla/5.0 (Windows NT 10.0; Win64; x64) AppleWebKit/537.36 Chrome/120.0.0.0 Safari/537.36"
172.16.0.55 - - [01/Jun/2024:12:14:13 +0000] "GET /contact HTTP/1.1" 200 12783 "-" "Mozilla/5.0 (X11; Linux x86_64; rv:109.0) Gecko/20100101 Firefox/115.0"
172.16.0.3 - - [01/Jun/2024:12:16:03 +0000] "GET /login HTTP/1.1" 200 2960 "-" "Mozilla/5.0 (Macintosh; Intel Mac OS X 10_15_7) AppleWebKit/605.1.15 Safari/605.1.15"
198.51.100.23 - - [01/Jun/2024:12:18:25 +0000] "GET /register HTTP/1.1" 301 9536 "-" "python-requests/2.31.0"
192.168.1.77 - - [01/Jun/2024:12:18:32 +0000] "GET /static/main.css HTTP/1.1" 200 16896 "-" "Mozilla/5.0 (Macintosh; Intel Mac OS X 10_15_7) AppleWebKit/605.1.15 Safari/605.1.15"
10.0.0.12 - - [01/Jun/2024:12:20:13 +0000] "GET /index.html HTTP/1.1" 304 8042 "-" "Mozilla/5.0 (iPhone; CPU iPhone OS 17_0 like Mac OS X) AppleWebKit/605.1.15 Mobile/15E148"
192.168.1.22 - - [01/Jun/2024:12:21:52 +0000] "GET /api/products HTTP/1.1" 200 19661 "-" "Mozilla/5.0 (Windows NT 10.0; Win64; x64) AppleWebKit/537.36 Chrome/120.0.0.0 Safari/537.36"
203.0.113.88 - - [01/Jun/2024:12:24:08 +0000] "GET / HTTP/1.1" 500 10570 "-" "Mozilla/5.0 (Macintosh; Intel Mac OS X 10_15_7) AppleWebKit/605.1.15 Safari/605.1.15"
192.168.1.77 - - [01/Jun/2024:12:25:48 +0000] "GET /logout HTTP/1.1" 200 18103 "-" "python-requests/2.31.0"
172.16.0.55 - - [01/Jun/2024:12:26:33 +0000] "GET /search HTTP/1.1" 404 2591 "-" "Mozilla/5.0 (Windows NT 10.0; Win64; x64) AppleWebKit/537.36 Chrome/120.0.0.0 Safari/537.36"
192.168.1.22 - - [01/Jun/2024:12:29:04 +0000] "GET / HTTP/1.1" 200 1505 "-" "Mozilla/5.0 (Windows NT 10.0; Win64; x64) AppleWebKit/537.36 Chrome/120.0.0.0 Safari/537.36"
198.51.100.7 - - [01/Jun/2024:12:30:46 +0000] "GET /static/main.css HTTP/1.1" 200 16618 "-" "Mozilla/5.0 (iPhone; CPU iPhone OS 17_0 like Mac OS X) AppleWebKit/605.1.15 Mobile/15E148"
10.0.0.99 - - [01/Jun/2024:12:32:35 +0000] "GET /blog HTTP/1.1" 200 17782 "-" "curl/7.88.1"
192.168.1.45 - - [01/Jun/2024:12:35:13 +0000] "GET /api/orders HTTP/1.1" 200 2789 "-" "curl/7.88.1"
172.16.0.55 - - [01/Jun/2024:12:36:06 +0000] "GET /login HTTP/1.1" 200 13003 "-" "curl/7.88.1"
172.16.0.55 - - [01/Jun/2024:12:38:49 +0000] "GET /about HTTP/1.1" 200 14535 "-" "python-requests/2.31.0"
192.168.1.10 - - [01/Jun/2024:12:39:51 +0000] "GET /api/products HTTP/1.1" 200 14437 "-" "Mozilla/5.0 (Windows NT 10.0; Win64; x64) AppleWebKit/537.36 Chrome/120.0.0.0 Safari/537.36"
198.51.100.23 - - [01/Jun/2024:12:41:48 +0000] "GET /register HTTP/1.1" 200 5955 "-" "Mozilla/5.0 (Windows NT 10.0; Win64; x64) AppleWebKit/537.36 Chrome/120.0.0.0 Safari/537.36"
10.0.0.99 - - [01/Jun/2024:12:41:52 +0000] "GET /login HTTP/1.1" 200 5568 "-" "Mozilla/5.0 (iPhone; CPU iPhone OS 17_0 like Mac OS X) AppleWebKit/605.1.15 Mobile/15E148"
198.51.100.7 - - [01/Jun/2024:12:43:21 +0000] "GET /profile HTTP/1.1" 304 8695 "-" "Mozilla/5.0 (Macintosh; Intel Mac OS X 10_15_7) AppleWebKit/605.1.15 Safari/605.1.15"
192.168.1.45 - - [01/Jun/2024:12:44:57 +0000] "GET /api/orders HTTP/1.1" 301 4068 "-" "Mozilla/5.0 (Windows NT 10.0; Win64; x64) AppleWebKit/537.36 Chrome/120.0.0.0 Safari/537.36"
